**************************************************
Report         : passing_points

Reference      : REF:/WORK/SYS_TOP
Implementation : Imp:/WORK/SYS_TOP
Version        : L-2016.03-SP1
Date           : Sat Aug 17 06:24:10 2024
**************************************************

604 Passing compare points:

  Ref  LAT        REF:/WORK/SYS_TOP/ALU_CLOCK/LATCHED_CLK
  Impl LAT        Imp:/WORK/SYS_TOP/ALU_CLOCK/LATCHED_CLK

  Ref  DFF        REF:/WORK/SYS_TOP/ALU/ALU_OP_1_reg[0]
  Impl DFF        Imp:/WORK/SYS_TOP/ALU/ALU_OP_1_reg[0]

  Ref  DFF        REF:/WORK/SYS_TOP/ALU/ALU_OP_1_reg[1]
  Impl DFF        Imp:/WORK/SYS_TOP/ALU/ALU_OP_1_reg[1]

  Ref  DFF        REF:/WORK/SYS_TOP/ALU/ALU_OP_1_reg[2]
  Impl DFF        Imp:/WORK/SYS_TOP/ALU/ALU_OP_1_reg[2]

  Ref  DFF        REF:/WORK/SYS_TOP/ALU/ALU_OP_1_reg[3]
  Impl DFF        Imp:/WORK/SYS_TOP/ALU/ALU_OP_1_reg[3]

  Ref  DFF        REF:/WORK/SYS_TOP/ALU/ALU_OP_1_reg[4]
  Impl DFF        Imp:/WORK/SYS_TOP/ALU/ALU_OP_1_reg[4]

  Ref  DFF        REF:/WORK/SYS_TOP/ALU/ALU_OP_1_reg[5]
  Impl DFF        Imp:/WORK/SYS_TOP/ALU/ALU_OP_1_reg[5]

  Ref  DFF        REF:/WORK/SYS_TOP/ALU/ALU_OP_1_reg[6]
  Impl DFF        Imp:/WORK/SYS_TOP/ALU/ALU_OP_1_reg[6]

  Ref  DFF        REF:/WORK/SYS_TOP/ALU/ALU_OP_1_reg[7]
  Impl DFF        Imp:/WORK/SYS_TOP/ALU/ALU_OP_1_reg[7]

  Ref  DFF        REF:/WORK/SYS_TOP/ALU/ALU_OP_2_reg[0]
  Impl DFF        Imp:/WORK/SYS_TOP/ALU/ALU_OP_2_reg[0]

  Ref  DFF        REF:/WORK/SYS_TOP/ALU/ALU_OP_2_reg[1]
  Impl DFF        Imp:/WORK/SYS_TOP/ALU/ALU_OP_2_reg[1]

  Ref  DFF        REF:/WORK/SYS_TOP/ALU/ALU_OP_2_reg[2]
  Impl DFF        Imp:/WORK/SYS_TOP/ALU/ALU_OP_2_reg[2]

  Ref  DFF        REF:/WORK/SYS_TOP/ALU/ALU_OP_2_reg[3]
  Impl DFF        Imp:/WORK/SYS_TOP/ALU/ALU_OP_2_reg[3]

  Ref  DFF        REF:/WORK/SYS_TOP/ALU/ALU_OP_2_reg[4]
  Impl DFF        Imp:/WORK/SYS_TOP/ALU/ALU_OP_2_reg[4]

  Ref  DFF        REF:/WORK/SYS_TOP/ALU/ALU_OP_2_reg[5]
  Impl DFF        Imp:/WORK/SYS_TOP/ALU/ALU_OP_2_reg[5]

  Ref  DFF        REF:/WORK/SYS_TOP/ALU/ALU_OP_2_reg[6]
  Impl DFF        Imp:/WORK/SYS_TOP/ALU/ALU_OP_2_reg[6]

  Ref  DFF        REF:/WORK/SYS_TOP/ALU/ALU_OP_2_reg[7]
  Impl DFF        Imp:/WORK/SYS_TOP/ALU/ALU_OP_2_reg[7]

  Ref  DFF        REF:/WORK/SYS_TOP/ALU/ALU_OUT_REG_reg[0]
  Impl DFF        Imp:/WORK/SYS_TOP/ALU/ALU_OUT_REG_reg[0]

  Ref  DFF        REF:/WORK/SYS_TOP/ALU/ALU_OUT_REG_reg[10]
  Impl DFF        Imp:/WORK/SYS_TOP/ALU/ALU_OUT_REG_reg[10]

  Ref  DFF        REF:/WORK/SYS_TOP/ALU/ALU_OUT_REG_reg[11]
  Impl DFF        Imp:/WORK/SYS_TOP/ALU/ALU_OUT_REG_reg[11]

  Ref  DFF        REF:/WORK/SYS_TOP/ALU/ALU_OUT_REG_reg[12]
  Impl DFF        Imp:/WORK/SYS_TOP/ALU/ALU_OUT_REG_reg[12]

  Ref  DFF        REF:/WORK/SYS_TOP/ALU/ALU_OUT_REG_reg[13]
  Impl DFF        Imp:/WORK/SYS_TOP/ALU/ALU_OUT_REG_reg[13]

  Ref  DFF        REF:/WORK/SYS_TOP/ALU/ALU_OUT_REG_reg[14]
  Impl DFF        Imp:/WORK/SYS_TOP/ALU/ALU_OUT_REG_reg[14]

  Ref  DFF        REF:/WORK/SYS_TOP/ALU/ALU_OUT_REG_reg[15]
  Impl DFF        Imp:/WORK/SYS_TOP/ALU/ALU_OUT_REG_reg[15]

  Ref  DFF        REF:/WORK/SYS_TOP/ALU/ALU_OUT_REG_reg[1]
  Impl DFF        Imp:/WORK/SYS_TOP/ALU/ALU_OUT_REG_reg[1]

  Ref  DFF        REF:/WORK/SYS_TOP/ALU/ALU_OUT_REG_reg[2]
  Impl DFF        Imp:/WORK/SYS_TOP/ALU/ALU_OUT_REG_reg[2]

  Ref  DFF        REF:/WORK/SYS_TOP/ALU/ALU_OUT_REG_reg[3]
  Impl DFF        Imp:/WORK/SYS_TOP/ALU/ALU_OUT_REG_reg[3]

  Ref  DFF        REF:/WORK/SYS_TOP/ALU/ALU_OUT_REG_reg[4]
  Impl DFF        Imp:/WORK/SYS_TOP/ALU/ALU_OUT_REG_reg[4]

  Ref  DFF        REF:/WORK/SYS_TOP/ALU/ALU_OUT_REG_reg[5]
  Impl DFF        Imp:/WORK/SYS_TOP/ALU/ALU_OUT_REG_reg[5]

  Ref  DFF        REF:/WORK/SYS_TOP/ALU/ALU_OUT_REG_reg[6]
  Impl DFF        Imp:/WORK/SYS_TOP/ALU/ALU_OUT_REG_reg[6]

  Ref  DFF        REF:/WORK/SYS_TOP/ALU/ALU_OUT_REG_reg[7]
  Impl DFF        Imp:/WORK/SYS_TOP/ALU/ALU_OUT_REG_reg[7]

  Ref  DFF        REF:/WORK/SYS_TOP/ALU/ALU_OUT_REG_reg[8]
  Impl DFF        Imp:/WORK/SYS_TOP/ALU/ALU_OUT_REG_reg[8]

  Ref  DFF        REF:/WORK/SYS_TOP/ALU/ALU_OUT_REG_reg[9]
  Impl DFF        Imp:/WORK/SYS_TOP/ALU/ALU_OUT_REG_reg[9]

  Ref  DFF        REF:/WORK/SYS_TOP/ALU/VALID_REG_reg[0]
  Impl DFF        Imp:/WORK/SYS_TOP/ALU/VALID_REG_reg[0]

  Ref  DFF        REF:/WORK/SYS_TOP/ALU/VALID_REG_reg[1]
  Impl DFF        Imp:/WORK/SYS_TOP/ALU/VALID_REG_reg[1]

  Ref  DFF        REF:/WORK/SYS_TOP/Async_FIFO/FIFO_MEMORY/MEM_reg[0][0]
  Impl DFF        Imp:/WORK/SYS_TOP/Async_FIFO/FIFO_MEMORY/MEM_reg[0][0]

  Ref  DFF        REF:/WORK/SYS_TOP/Async_FIFO/FIFO_MEMORY/MEM_reg[0][1]
  Impl DFF        Imp:/WORK/SYS_TOP/Async_FIFO/FIFO_MEMORY/MEM_reg[0][1]

  Ref  DFF        REF:/WORK/SYS_TOP/Async_FIFO/FIFO_MEMORY/MEM_reg[0][2]
  Impl DFF        Imp:/WORK/SYS_TOP/Async_FIFO/FIFO_MEMORY/MEM_reg[0][2]

  Ref  DFF        REF:/WORK/SYS_TOP/Async_FIFO/FIFO_MEMORY/MEM_reg[0][3]
  Impl DFF        Imp:/WORK/SYS_TOP/Async_FIFO/FIFO_MEMORY/MEM_reg[0][3]

  Ref  DFF        REF:/WORK/SYS_TOP/Async_FIFO/FIFO_MEMORY/MEM_reg[0][4]
  Impl DFF        Imp:/WORK/SYS_TOP/Async_FIFO/FIFO_MEMORY/MEM_reg[0][4]

  Ref  DFF        REF:/WORK/SYS_TOP/Async_FIFO/FIFO_MEMORY/MEM_reg[0][5]
  Impl DFF        Imp:/WORK/SYS_TOP/Async_FIFO/FIFO_MEMORY/MEM_reg[0][5]

  Ref  DFF        REF:/WORK/SYS_TOP/Async_FIFO/FIFO_MEMORY/MEM_reg[0][6]
  Impl DFF        Imp:/WORK/SYS_TOP/Async_FIFO/FIFO_MEMORY/MEM_reg[0][6]

  Ref  DFF        REF:/WORK/SYS_TOP/Async_FIFO/FIFO_MEMORY/MEM_reg[0][7]
  Impl DFF        Imp:/WORK/SYS_TOP/Async_FIFO/FIFO_MEMORY/MEM_reg[0][7]

  Ref  DFF        REF:/WORK/SYS_TOP/Async_FIFO/FIFO_MEMORY/MEM_reg[10][0]
  Impl DFF        Imp:/WORK/SYS_TOP/Async_FIFO/FIFO_MEMORY/MEM_reg[10][0]

  Ref  DFF        REF:/WORK/SYS_TOP/Async_FIFO/FIFO_MEMORY/MEM_reg[10][1]
  Impl DFF        Imp:/WORK/SYS_TOP/Async_FIFO/FIFO_MEMORY/MEM_reg[10][1]

  Ref  DFF        REF:/WORK/SYS_TOP/Async_FIFO/FIFO_MEMORY/MEM_reg[10][2]
  Impl DFF        Imp:/WORK/SYS_TOP/Async_FIFO/FIFO_MEMORY/MEM_reg[10][2]

  Ref  DFF        REF:/WORK/SYS_TOP/Async_FIFO/FIFO_MEMORY/MEM_reg[10][3]
  Impl DFF        Imp:/WORK/SYS_TOP/Async_FIFO/FIFO_MEMORY/MEM_reg[10][3]

  Ref  DFF        REF:/WORK/SYS_TOP/Async_FIFO/FIFO_MEMORY/MEM_reg[10][4]
  Impl DFF        Imp:/WORK/SYS_TOP/Async_FIFO/FIFO_MEMORY/MEM_reg[10][4]

  Ref  DFF        REF:/WORK/SYS_TOP/Async_FIFO/FIFO_MEMORY/MEM_reg[10][5]
  Impl DFF        Imp:/WORK/SYS_TOP/Async_FIFO/FIFO_MEMORY/MEM_reg[10][5]

  Ref  DFF        REF:/WORK/SYS_TOP/Async_FIFO/FIFO_MEMORY/MEM_reg[10][6]
  Impl DFF        Imp:/WORK/SYS_TOP/Async_FIFO/FIFO_MEMORY/MEM_reg[10][6]

  Ref  DFF        REF:/WORK/SYS_TOP/Async_FIFO/FIFO_MEMORY/MEM_reg[10][7]
  Impl DFF        Imp:/WORK/SYS_TOP/Async_FIFO/FIFO_MEMORY/MEM_reg[10][7]

  Ref  DFF        REF:/WORK/SYS_TOP/Async_FIFO/FIFO_MEMORY/MEM_reg[11][0]
  Impl DFF        Imp:/WORK/SYS_TOP/Async_FIFO/FIFO_MEMORY/MEM_reg[11][0]

  Ref  DFF        REF:/WORK/SYS_TOP/Async_FIFO/FIFO_MEMORY/MEM_reg[11][1]
  Impl DFF        Imp:/WORK/SYS_TOP/Async_FIFO/FIFO_MEMORY/MEM_reg[11][1]

  Ref  DFF        REF:/WORK/SYS_TOP/Async_FIFO/FIFO_MEMORY/MEM_reg[11][2]
  Impl DFF        Imp:/WORK/SYS_TOP/Async_FIFO/FIFO_MEMORY/MEM_reg[11][2]

  Ref  DFF        REF:/WORK/SYS_TOP/Async_FIFO/FIFO_MEMORY/MEM_reg[11][3]
  Impl DFF        Imp:/WORK/SYS_TOP/Async_FIFO/FIFO_MEMORY/MEM_reg[11][3]

  Ref  DFF        REF:/WORK/SYS_TOP/Async_FIFO/FIFO_MEMORY/MEM_reg[11][4]
  Impl DFF        Imp:/WORK/SYS_TOP/Async_FIFO/FIFO_MEMORY/MEM_reg[11][4]

  Ref  DFF        REF:/WORK/SYS_TOP/Async_FIFO/FIFO_MEMORY/MEM_reg[11][5]
  Impl DFF        Imp:/WORK/SYS_TOP/Async_FIFO/FIFO_MEMORY/MEM_reg[11][5]

  Ref  DFF        REF:/WORK/SYS_TOP/Async_FIFO/FIFO_MEMORY/MEM_reg[11][6]
  Impl DFF        Imp:/WORK/SYS_TOP/Async_FIFO/FIFO_MEMORY/MEM_reg[11][6]

  Ref  DFF        REF:/WORK/SYS_TOP/Async_FIFO/FIFO_MEMORY/MEM_reg[11][7]
  Impl DFF        Imp:/WORK/SYS_TOP/Async_FIFO/FIFO_MEMORY/MEM_reg[11][7]

  Ref  DFF        REF:/WORK/SYS_TOP/Async_FIFO/FIFO_MEMORY/MEM_reg[12][0]
  Impl DFF        Imp:/WORK/SYS_TOP/Async_FIFO/FIFO_MEMORY/MEM_reg[12][0]

  Ref  DFF        REF:/WORK/SYS_TOP/Async_FIFO/FIFO_MEMORY/MEM_reg[12][1]
  Impl DFF        Imp:/WORK/SYS_TOP/Async_FIFO/FIFO_MEMORY/MEM_reg[12][1]

  Ref  DFF        REF:/WORK/SYS_TOP/Async_FIFO/FIFO_MEMORY/MEM_reg[12][2]
  Impl DFF        Imp:/WORK/SYS_TOP/Async_FIFO/FIFO_MEMORY/MEM_reg[12][2]

  Ref  DFF        REF:/WORK/SYS_TOP/Async_FIFO/FIFO_MEMORY/MEM_reg[12][3]
  Impl DFF        Imp:/WORK/SYS_TOP/Async_FIFO/FIFO_MEMORY/MEM_reg[12][3]

  Ref  DFF        REF:/WORK/SYS_TOP/Async_FIFO/FIFO_MEMORY/MEM_reg[12][4]
  Impl DFF        Imp:/WORK/SYS_TOP/Async_FIFO/FIFO_MEMORY/MEM_reg[12][4]

  Ref  DFF        REF:/WORK/SYS_TOP/Async_FIFO/FIFO_MEMORY/MEM_reg[12][5]
  Impl DFF        Imp:/WORK/SYS_TOP/Async_FIFO/FIFO_MEMORY/MEM_reg[12][5]

  Ref  DFF        REF:/WORK/SYS_TOP/Async_FIFO/FIFO_MEMORY/MEM_reg[12][6]
  Impl DFF        Imp:/WORK/SYS_TOP/Async_FIFO/FIFO_MEMORY/MEM_reg[12][6]

  Ref  DFF        REF:/WORK/SYS_TOP/Async_FIFO/FIFO_MEMORY/MEM_reg[12][7]
  Impl DFF        Imp:/WORK/SYS_TOP/Async_FIFO/FIFO_MEMORY/MEM_reg[12][7]

  Ref  DFF        REF:/WORK/SYS_TOP/Async_FIFO/FIFO_MEMORY/MEM_reg[13][0]
  Impl DFF        Imp:/WORK/SYS_TOP/Async_FIFO/FIFO_MEMORY/MEM_reg[13][0]

  Ref  DFF        REF:/WORK/SYS_TOP/Async_FIFO/FIFO_MEMORY/MEM_reg[13][1]
  Impl DFF        Imp:/WORK/SYS_TOP/Async_FIFO/FIFO_MEMORY/MEM_reg[13][1]

  Ref  DFF        REF:/WORK/SYS_TOP/Async_FIFO/FIFO_MEMORY/MEM_reg[13][2]
  Impl DFF        Imp:/WORK/SYS_TOP/Async_FIFO/FIFO_MEMORY/MEM_reg[13][2]

  Ref  DFF        REF:/WORK/SYS_TOP/Async_FIFO/FIFO_MEMORY/MEM_reg[13][3]
  Impl DFF        Imp:/WORK/SYS_TOP/Async_FIFO/FIFO_MEMORY/MEM_reg[13][3]

  Ref  DFF        REF:/WORK/SYS_TOP/Async_FIFO/FIFO_MEMORY/MEM_reg[13][4]
  Impl DFF        Imp:/WORK/SYS_TOP/Async_FIFO/FIFO_MEMORY/MEM_reg[13][4]

  Ref  DFF        REF:/WORK/SYS_TOP/Async_FIFO/FIFO_MEMORY/MEM_reg[13][5]
  Impl DFF        Imp:/WORK/SYS_TOP/Async_FIFO/FIFO_MEMORY/MEM_reg[13][5]

  Ref  DFF        REF:/WORK/SYS_TOP/Async_FIFO/FIFO_MEMORY/MEM_reg[13][6]
  Impl DFF        Imp:/WORK/SYS_TOP/Async_FIFO/FIFO_MEMORY/MEM_reg[13][6]

  Ref  DFF        REF:/WORK/SYS_TOP/Async_FIFO/FIFO_MEMORY/MEM_reg[13][7]
  Impl DFF        Imp:/WORK/SYS_TOP/Async_FIFO/FIFO_MEMORY/MEM_reg[13][7]

  Ref  DFF        REF:/WORK/SYS_TOP/Async_FIFO/FIFO_MEMORY/MEM_reg[14][0]
  Impl DFF        Imp:/WORK/SYS_TOP/Async_FIFO/FIFO_MEMORY/MEM_reg[14][0]

  Ref  DFF        REF:/WORK/SYS_TOP/Async_FIFO/FIFO_MEMORY/MEM_reg[14][1]
  Impl DFF        Imp:/WORK/SYS_TOP/Async_FIFO/FIFO_MEMORY/MEM_reg[14][1]

  Ref  DFF        REF:/WORK/SYS_TOP/Async_FIFO/FIFO_MEMORY/MEM_reg[14][2]
  Impl DFF        Imp:/WORK/SYS_TOP/Async_FIFO/FIFO_MEMORY/MEM_reg[14][2]

  Ref  DFF        REF:/WORK/SYS_TOP/Async_FIFO/FIFO_MEMORY/MEM_reg[14][3]
  Impl DFF        Imp:/WORK/SYS_TOP/Async_FIFO/FIFO_MEMORY/MEM_reg[14][3]

  Ref  DFF        REF:/WORK/SYS_TOP/Async_FIFO/FIFO_MEMORY/MEM_reg[14][4]
  Impl DFF        Imp:/WORK/SYS_TOP/Async_FIFO/FIFO_MEMORY/MEM_reg[14][4]

  Ref  DFF        REF:/WORK/SYS_TOP/Async_FIFO/FIFO_MEMORY/MEM_reg[14][5]
  Impl DFF        Imp:/WORK/SYS_TOP/Async_FIFO/FIFO_MEMORY/MEM_reg[14][5]

  Ref  DFF        REF:/WORK/SYS_TOP/Async_FIFO/FIFO_MEMORY/MEM_reg[14][6]
  Impl DFF        Imp:/WORK/SYS_TOP/Async_FIFO/FIFO_MEMORY/MEM_reg[14][6]

  Ref  DFF        REF:/WORK/SYS_TOP/Async_FIFO/FIFO_MEMORY/MEM_reg[14][7]
  Impl DFF        Imp:/WORK/SYS_TOP/Async_FIFO/FIFO_MEMORY/MEM_reg[14][7]

  Ref  DFF        REF:/WORK/SYS_TOP/Async_FIFO/FIFO_MEMORY/MEM_reg[15][0]
  Impl DFF        Imp:/WORK/SYS_TOP/Async_FIFO/FIFO_MEMORY/MEM_reg[15][0]

  Ref  DFF        REF:/WORK/SYS_TOP/Async_FIFO/FIFO_MEMORY/MEM_reg[15][1]
  Impl DFF        Imp:/WORK/SYS_TOP/Async_FIFO/FIFO_MEMORY/MEM_reg[15][1]

  Ref  DFF        REF:/WORK/SYS_TOP/Async_FIFO/FIFO_MEMORY/MEM_reg[15][2]
  Impl DFF        Imp:/WORK/SYS_TOP/Async_FIFO/FIFO_MEMORY/MEM_reg[15][2]

  Ref  DFF        REF:/WORK/SYS_TOP/Async_FIFO/FIFO_MEMORY/MEM_reg[15][3]
  Impl DFF        Imp:/WORK/SYS_TOP/Async_FIFO/FIFO_MEMORY/MEM_reg[15][3]

  Ref  DFF        REF:/WORK/SYS_TOP/Async_FIFO/FIFO_MEMORY/MEM_reg[15][4]
  Impl DFF        Imp:/WORK/SYS_TOP/Async_FIFO/FIFO_MEMORY/MEM_reg[15][4]

  Ref  DFF        REF:/WORK/SYS_TOP/Async_FIFO/FIFO_MEMORY/MEM_reg[15][5]
  Impl DFF        Imp:/WORK/SYS_TOP/Async_FIFO/FIFO_MEMORY/MEM_reg[15][5]

  Ref  DFF        REF:/WORK/SYS_TOP/Async_FIFO/FIFO_MEMORY/MEM_reg[15][6]
  Impl DFF        Imp:/WORK/SYS_TOP/Async_FIFO/FIFO_MEMORY/MEM_reg[15][6]

  Ref  DFF        REF:/WORK/SYS_TOP/Async_FIFO/FIFO_MEMORY/MEM_reg[15][7]
  Impl DFF        Imp:/WORK/SYS_TOP/Async_FIFO/FIFO_MEMORY/MEM_reg[15][7]

  Ref  DFF        REF:/WORK/SYS_TOP/Async_FIFO/FIFO_MEMORY/MEM_reg[16][0]
  Impl DFF        Imp:/WORK/SYS_TOP/Async_FIFO/FIFO_MEMORY/MEM_reg[16][0]

  Ref  DFF        REF:/WORK/SYS_TOP/Async_FIFO/FIFO_MEMORY/MEM_reg[16][1]
  Impl DFF        Imp:/WORK/SYS_TOP/Async_FIFO/FIFO_MEMORY/MEM_reg[16][1]

  Ref  DFF        REF:/WORK/SYS_TOP/Async_FIFO/FIFO_MEMORY/MEM_reg[16][2]
  Impl DFF        Imp:/WORK/SYS_TOP/Async_FIFO/FIFO_MEMORY/MEM_reg[16][2]

  Ref  DFF        REF:/WORK/SYS_TOP/Async_FIFO/FIFO_MEMORY/MEM_reg[16][3]
  Impl DFF        Imp:/WORK/SYS_TOP/Async_FIFO/FIFO_MEMORY/MEM_reg[16][3]

  Ref  DFF        REF:/WORK/SYS_TOP/Async_FIFO/FIFO_MEMORY/MEM_reg[16][4]
  Impl DFF        Imp:/WORK/SYS_TOP/Async_FIFO/FIFO_MEMORY/MEM_reg[16][4]

  Ref  DFF        REF:/WORK/SYS_TOP/Async_FIFO/FIFO_MEMORY/MEM_reg[16][5]
  Impl DFF        Imp:/WORK/SYS_TOP/Async_FIFO/FIFO_MEMORY/MEM_reg[16][5]

  Ref  DFF        REF:/WORK/SYS_TOP/Async_FIFO/FIFO_MEMORY/MEM_reg[16][6]
  Impl DFF        Imp:/WORK/SYS_TOP/Async_FIFO/FIFO_MEMORY/MEM_reg[16][6]

  Ref  DFF        REF:/WORK/SYS_TOP/Async_FIFO/FIFO_MEMORY/MEM_reg[16][7]
  Impl DFF        Imp:/WORK/SYS_TOP/Async_FIFO/FIFO_MEMORY/MEM_reg[16][7]

  Ref  DFF        REF:/WORK/SYS_TOP/Async_FIFO/FIFO_MEMORY/MEM_reg[17][0]
  Impl DFF        Imp:/WORK/SYS_TOP/Async_FIFO/FIFO_MEMORY/MEM_reg[17][0]

  Ref  DFF        REF:/WORK/SYS_TOP/Async_FIFO/FIFO_MEMORY/MEM_reg[17][1]
  Impl DFF        Imp:/WORK/SYS_TOP/Async_FIFO/FIFO_MEMORY/MEM_reg[17][1]

  Ref  DFF        REF:/WORK/SYS_TOP/Async_FIFO/FIFO_MEMORY/MEM_reg[17][2]
  Impl DFF        Imp:/WORK/SYS_TOP/Async_FIFO/FIFO_MEMORY/MEM_reg[17][2]

  Ref  DFF        REF:/WORK/SYS_TOP/Async_FIFO/FIFO_MEMORY/MEM_reg[17][3]
  Impl DFF        Imp:/WORK/SYS_TOP/Async_FIFO/FIFO_MEMORY/MEM_reg[17][3]

  Ref  DFF        REF:/WORK/SYS_TOP/Async_FIFO/FIFO_MEMORY/MEM_reg[17][4]
  Impl DFF        Imp:/WORK/SYS_TOP/Async_FIFO/FIFO_MEMORY/MEM_reg[17][4]

  Ref  DFF        REF:/WORK/SYS_TOP/Async_FIFO/FIFO_MEMORY/MEM_reg[17][5]
  Impl DFF        Imp:/WORK/SYS_TOP/Async_FIFO/FIFO_MEMORY/MEM_reg[17][5]

  Ref  DFF        REF:/WORK/SYS_TOP/Async_FIFO/FIFO_MEMORY/MEM_reg[17][6]
  Impl DFF        Imp:/WORK/SYS_TOP/Async_FIFO/FIFO_MEMORY/MEM_reg[17][6]

  Ref  DFF        REF:/WORK/SYS_TOP/Async_FIFO/FIFO_MEMORY/MEM_reg[17][7]
  Impl DFF        Imp:/WORK/SYS_TOP/Async_FIFO/FIFO_MEMORY/MEM_reg[17][7]

  Ref  DFF        REF:/WORK/SYS_TOP/Async_FIFO/FIFO_MEMORY/MEM_reg[18][0]
  Impl DFF        Imp:/WORK/SYS_TOP/Async_FIFO/FIFO_MEMORY/MEM_reg[18][0]

  Ref  DFF        REF:/WORK/SYS_TOP/Async_FIFO/FIFO_MEMORY/MEM_reg[18][1]
  Impl DFF        Imp:/WORK/SYS_TOP/Async_FIFO/FIFO_MEMORY/MEM_reg[18][1]

  Ref  DFF        REF:/WORK/SYS_TOP/Async_FIFO/FIFO_MEMORY/MEM_reg[18][2]
  Impl DFF        Imp:/WORK/SYS_TOP/Async_FIFO/FIFO_MEMORY/MEM_reg[18][2]

  Ref  DFF        REF:/WORK/SYS_TOP/Async_FIFO/FIFO_MEMORY/MEM_reg[18][3]
  Impl DFF        Imp:/WORK/SYS_TOP/Async_FIFO/FIFO_MEMORY/MEM_reg[18][3]

  Ref  DFF        REF:/WORK/SYS_TOP/Async_FIFO/FIFO_MEMORY/MEM_reg[18][4]
  Impl DFF        Imp:/WORK/SYS_TOP/Async_FIFO/FIFO_MEMORY/MEM_reg[18][4]

  Ref  DFF        REF:/WORK/SYS_TOP/Async_FIFO/FIFO_MEMORY/MEM_reg[18][5]
  Impl DFF        Imp:/WORK/SYS_TOP/Async_FIFO/FIFO_MEMORY/MEM_reg[18][5]

  Ref  DFF        REF:/WORK/SYS_TOP/Async_FIFO/FIFO_MEMORY/MEM_reg[18][6]
  Impl DFF        Imp:/WORK/SYS_TOP/Async_FIFO/FIFO_MEMORY/MEM_reg[18][6]

  Ref  DFF        REF:/WORK/SYS_TOP/Async_FIFO/FIFO_MEMORY/MEM_reg[18][7]
  Impl DFF        Imp:/WORK/SYS_TOP/Async_FIFO/FIFO_MEMORY/MEM_reg[18][7]

  Ref  DFF        REF:/WORK/SYS_TOP/Async_FIFO/FIFO_MEMORY/MEM_reg[19][0]
  Impl DFF        Imp:/WORK/SYS_TOP/Async_FIFO/FIFO_MEMORY/MEM_reg[19][0]

  Ref  DFF        REF:/WORK/SYS_TOP/Async_FIFO/FIFO_MEMORY/MEM_reg[19][1]
  Impl DFF        Imp:/WORK/SYS_TOP/Async_FIFO/FIFO_MEMORY/MEM_reg[19][1]

  Ref  DFF        REF:/WORK/SYS_TOP/Async_FIFO/FIFO_MEMORY/MEM_reg[19][2]
  Impl DFF        Imp:/WORK/SYS_TOP/Async_FIFO/FIFO_MEMORY/MEM_reg[19][2]

  Ref  DFF        REF:/WORK/SYS_TOP/Async_FIFO/FIFO_MEMORY/MEM_reg[19][3]
  Impl DFF        Imp:/WORK/SYS_TOP/Async_FIFO/FIFO_MEMORY/MEM_reg[19][3]

  Ref  DFF        REF:/WORK/SYS_TOP/Async_FIFO/FIFO_MEMORY/MEM_reg[19][4]
  Impl DFF        Imp:/WORK/SYS_TOP/Async_FIFO/FIFO_MEMORY/MEM_reg[19][4]

  Ref  DFF        REF:/WORK/SYS_TOP/Async_FIFO/FIFO_MEMORY/MEM_reg[19][5]
  Impl DFF        Imp:/WORK/SYS_TOP/Async_FIFO/FIFO_MEMORY/MEM_reg[19][5]

  Ref  DFF        REF:/WORK/SYS_TOP/Async_FIFO/FIFO_MEMORY/MEM_reg[19][6]
  Impl DFF        Imp:/WORK/SYS_TOP/Async_FIFO/FIFO_MEMORY/MEM_reg[19][6]

  Ref  DFF        REF:/WORK/SYS_TOP/Async_FIFO/FIFO_MEMORY/MEM_reg[19][7]
  Impl DFF        Imp:/WORK/SYS_TOP/Async_FIFO/FIFO_MEMORY/MEM_reg[19][7]

  Ref  DFF        REF:/WORK/SYS_TOP/Async_FIFO/FIFO_MEMORY/MEM_reg[1][0]
  Impl DFF        Imp:/WORK/SYS_TOP/Async_FIFO/FIFO_MEMORY/MEM_reg[1][0]

  Ref  DFF        REF:/WORK/SYS_TOP/Async_FIFO/FIFO_MEMORY/MEM_reg[1][1]
  Impl DFF        Imp:/WORK/SYS_TOP/Async_FIFO/FIFO_MEMORY/MEM_reg[1][1]

  Ref  DFF        REF:/WORK/SYS_TOP/Async_FIFO/FIFO_MEMORY/MEM_reg[1][2]
  Impl DFF        Imp:/WORK/SYS_TOP/Async_FIFO/FIFO_MEMORY/MEM_reg[1][2]

  Ref  DFF        REF:/WORK/SYS_TOP/Async_FIFO/FIFO_MEMORY/MEM_reg[1][3]
  Impl DFF        Imp:/WORK/SYS_TOP/Async_FIFO/FIFO_MEMORY/MEM_reg[1][3]

  Ref  DFF        REF:/WORK/SYS_TOP/Async_FIFO/FIFO_MEMORY/MEM_reg[1][4]
  Impl DFF        Imp:/WORK/SYS_TOP/Async_FIFO/FIFO_MEMORY/MEM_reg[1][4]

  Ref  DFF        REF:/WORK/SYS_TOP/Async_FIFO/FIFO_MEMORY/MEM_reg[1][5]
  Impl DFF        Imp:/WORK/SYS_TOP/Async_FIFO/FIFO_MEMORY/MEM_reg[1][5]

  Ref  DFF        REF:/WORK/SYS_TOP/Async_FIFO/FIFO_MEMORY/MEM_reg[1][6]
  Impl DFF        Imp:/WORK/SYS_TOP/Async_FIFO/FIFO_MEMORY/MEM_reg[1][6]

  Ref  DFF        REF:/WORK/SYS_TOP/Async_FIFO/FIFO_MEMORY/MEM_reg[1][7]
  Impl DFF        Imp:/WORK/SYS_TOP/Async_FIFO/FIFO_MEMORY/MEM_reg[1][7]

  Ref  DFF        REF:/WORK/SYS_TOP/Async_FIFO/FIFO_MEMORY/MEM_reg[20][0]
  Impl DFF        Imp:/WORK/SYS_TOP/Async_FIFO/FIFO_MEMORY/MEM_reg[20][0]

  Ref  DFF        REF:/WORK/SYS_TOP/Async_FIFO/FIFO_MEMORY/MEM_reg[20][1]
  Impl DFF        Imp:/WORK/SYS_TOP/Async_FIFO/FIFO_MEMORY/MEM_reg[20][1]

  Ref  DFF        REF:/WORK/SYS_TOP/Async_FIFO/FIFO_MEMORY/MEM_reg[20][2]
  Impl DFF        Imp:/WORK/SYS_TOP/Async_FIFO/FIFO_MEMORY/MEM_reg[20][2]

  Ref  DFF        REF:/WORK/SYS_TOP/Async_FIFO/FIFO_MEMORY/MEM_reg[20][3]
  Impl DFF        Imp:/WORK/SYS_TOP/Async_FIFO/FIFO_MEMORY/MEM_reg[20][3]

  Ref  DFF        REF:/WORK/SYS_TOP/Async_FIFO/FIFO_MEMORY/MEM_reg[20][4]
  Impl DFF        Imp:/WORK/SYS_TOP/Async_FIFO/FIFO_MEMORY/MEM_reg[20][4]

  Ref  DFF        REF:/WORK/SYS_TOP/Async_FIFO/FIFO_MEMORY/MEM_reg[20][5]
  Impl DFF        Imp:/WORK/SYS_TOP/Async_FIFO/FIFO_MEMORY/MEM_reg[20][5]

  Ref  DFF        REF:/WORK/SYS_TOP/Async_FIFO/FIFO_MEMORY/MEM_reg[20][6]
  Impl DFF        Imp:/WORK/SYS_TOP/Async_FIFO/FIFO_MEMORY/MEM_reg[20][6]

  Ref  DFF        REF:/WORK/SYS_TOP/Async_FIFO/FIFO_MEMORY/MEM_reg[20][7]
  Impl DFF        Imp:/WORK/SYS_TOP/Async_FIFO/FIFO_MEMORY/MEM_reg[20][7]

  Ref  DFF        REF:/WORK/SYS_TOP/Async_FIFO/FIFO_MEMORY/MEM_reg[21][0]
  Impl DFF        Imp:/WORK/SYS_TOP/Async_FIFO/FIFO_MEMORY/MEM_reg[21][0]

  Ref  DFF        REF:/WORK/SYS_TOP/Async_FIFO/FIFO_MEMORY/MEM_reg[21][1]
  Impl DFF        Imp:/WORK/SYS_TOP/Async_FIFO/FIFO_MEMORY/MEM_reg[21][1]

  Ref  DFF        REF:/WORK/SYS_TOP/Async_FIFO/FIFO_MEMORY/MEM_reg[21][2]
  Impl DFF        Imp:/WORK/SYS_TOP/Async_FIFO/FIFO_MEMORY/MEM_reg[21][2]

  Ref  DFF        REF:/WORK/SYS_TOP/Async_FIFO/FIFO_MEMORY/MEM_reg[21][3]
  Impl DFF        Imp:/WORK/SYS_TOP/Async_FIFO/FIFO_MEMORY/MEM_reg[21][3]

  Ref  DFF        REF:/WORK/SYS_TOP/Async_FIFO/FIFO_MEMORY/MEM_reg[21][4]
  Impl DFF        Imp:/WORK/SYS_TOP/Async_FIFO/FIFO_MEMORY/MEM_reg[21][4]

  Ref  DFF        REF:/WORK/SYS_TOP/Async_FIFO/FIFO_MEMORY/MEM_reg[21][5]
  Impl DFF        Imp:/WORK/SYS_TOP/Async_FIFO/FIFO_MEMORY/MEM_reg[21][5]

  Ref  DFF        REF:/WORK/SYS_TOP/Async_FIFO/FIFO_MEMORY/MEM_reg[21][6]
  Impl DFF        Imp:/WORK/SYS_TOP/Async_FIFO/FIFO_MEMORY/MEM_reg[21][6]

  Ref  DFF        REF:/WORK/SYS_TOP/Async_FIFO/FIFO_MEMORY/MEM_reg[21][7]
  Impl DFF        Imp:/WORK/SYS_TOP/Async_FIFO/FIFO_MEMORY/MEM_reg[21][7]

  Ref  DFF        REF:/WORK/SYS_TOP/Async_FIFO/FIFO_MEMORY/MEM_reg[22][0]
  Impl DFF        Imp:/WORK/SYS_TOP/Async_FIFO/FIFO_MEMORY/MEM_reg[22][0]

  Ref  DFF        REF:/WORK/SYS_TOP/Async_FIFO/FIFO_MEMORY/MEM_reg[22][1]
  Impl DFF        Imp:/WORK/SYS_TOP/Async_FIFO/FIFO_MEMORY/MEM_reg[22][1]

  Ref  DFF        REF:/WORK/SYS_TOP/Async_FIFO/FIFO_MEMORY/MEM_reg[22][2]
  Impl DFF        Imp:/WORK/SYS_TOP/Async_FIFO/FIFO_MEMORY/MEM_reg[22][2]

  Ref  DFF        REF:/WORK/SYS_TOP/Async_FIFO/FIFO_MEMORY/MEM_reg[22][3]
  Impl DFF        Imp:/WORK/SYS_TOP/Async_FIFO/FIFO_MEMORY/MEM_reg[22][3]

  Ref  DFF        REF:/WORK/SYS_TOP/Async_FIFO/FIFO_MEMORY/MEM_reg[22][4]
  Impl DFF        Imp:/WORK/SYS_TOP/Async_FIFO/FIFO_MEMORY/MEM_reg[22][4]

  Ref  DFF        REF:/WORK/SYS_TOP/Async_FIFO/FIFO_MEMORY/MEM_reg[22][5]
  Impl DFF        Imp:/WORK/SYS_TOP/Async_FIFO/FIFO_MEMORY/MEM_reg[22][5]

  Ref  DFF        REF:/WORK/SYS_TOP/Async_FIFO/FIFO_MEMORY/MEM_reg[22][6]
  Impl DFF        Imp:/WORK/SYS_TOP/Async_FIFO/FIFO_MEMORY/MEM_reg[22][6]

  Ref  DFF        REF:/WORK/SYS_TOP/Async_FIFO/FIFO_MEMORY/MEM_reg[22][7]
  Impl DFF        Imp:/WORK/SYS_TOP/Async_FIFO/FIFO_MEMORY/MEM_reg[22][7]

  Ref  DFF        REF:/WORK/SYS_TOP/Async_FIFO/FIFO_MEMORY/MEM_reg[23][0]
  Impl DFF        Imp:/WORK/SYS_TOP/Async_FIFO/FIFO_MEMORY/MEM_reg[23][0]

  Ref  DFF        REF:/WORK/SYS_TOP/Async_FIFO/FIFO_MEMORY/MEM_reg[23][1]
  Impl DFF        Imp:/WORK/SYS_TOP/Async_FIFO/FIFO_MEMORY/MEM_reg[23][1]

  Ref  DFF        REF:/WORK/SYS_TOP/Async_FIFO/FIFO_MEMORY/MEM_reg[23][2]
  Impl DFF        Imp:/WORK/SYS_TOP/Async_FIFO/FIFO_MEMORY/MEM_reg[23][2]

  Ref  DFF        REF:/WORK/SYS_TOP/Async_FIFO/FIFO_MEMORY/MEM_reg[23][3]
  Impl DFF        Imp:/WORK/SYS_TOP/Async_FIFO/FIFO_MEMORY/MEM_reg[23][3]

  Ref  DFF        REF:/WORK/SYS_TOP/Async_FIFO/FIFO_MEMORY/MEM_reg[23][4]
  Impl DFF        Imp:/WORK/SYS_TOP/Async_FIFO/FIFO_MEMORY/MEM_reg[23][4]

  Ref  DFF        REF:/WORK/SYS_TOP/Async_FIFO/FIFO_MEMORY/MEM_reg[23][5]
  Impl DFF        Imp:/WORK/SYS_TOP/Async_FIFO/FIFO_MEMORY/MEM_reg[23][5]

  Ref  DFF        REF:/WORK/SYS_TOP/Async_FIFO/FIFO_MEMORY/MEM_reg[23][6]
  Impl DFF        Imp:/WORK/SYS_TOP/Async_FIFO/FIFO_MEMORY/MEM_reg[23][6]

  Ref  DFF        REF:/WORK/SYS_TOP/Async_FIFO/FIFO_MEMORY/MEM_reg[23][7]
  Impl DFF        Imp:/WORK/SYS_TOP/Async_FIFO/FIFO_MEMORY/MEM_reg[23][7]

  Ref  DFF        REF:/WORK/SYS_TOP/Async_FIFO/FIFO_MEMORY/MEM_reg[24][0]
  Impl DFF        Imp:/WORK/SYS_TOP/Async_FIFO/FIFO_MEMORY/MEM_reg[24][0]

  Ref  DFF        REF:/WORK/SYS_TOP/Async_FIFO/FIFO_MEMORY/MEM_reg[24][1]
  Impl DFF        Imp:/WORK/SYS_TOP/Async_FIFO/FIFO_MEMORY/MEM_reg[24][1]

  Ref  DFF        REF:/WORK/SYS_TOP/Async_FIFO/FIFO_MEMORY/MEM_reg[24][2]
  Impl DFF        Imp:/WORK/SYS_TOP/Async_FIFO/FIFO_MEMORY/MEM_reg[24][2]

  Ref  DFF        REF:/WORK/SYS_TOP/Async_FIFO/FIFO_MEMORY/MEM_reg[24][3]
  Impl DFF        Imp:/WORK/SYS_TOP/Async_FIFO/FIFO_MEMORY/MEM_reg[24][3]

  Ref  DFF        REF:/WORK/SYS_TOP/Async_FIFO/FIFO_MEMORY/MEM_reg[24][4]
  Impl DFF        Imp:/WORK/SYS_TOP/Async_FIFO/FIFO_MEMORY/MEM_reg[24][4]

  Ref  DFF        REF:/WORK/SYS_TOP/Async_FIFO/FIFO_MEMORY/MEM_reg[24][5]
  Impl DFF        Imp:/WORK/SYS_TOP/Async_FIFO/FIFO_MEMORY/MEM_reg[24][5]

  Ref  DFF        REF:/WORK/SYS_TOP/Async_FIFO/FIFO_MEMORY/MEM_reg[24][6]
  Impl DFF        Imp:/WORK/SYS_TOP/Async_FIFO/FIFO_MEMORY/MEM_reg[24][6]

  Ref  DFF        REF:/WORK/SYS_TOP/Async_FIFO/FIFO_MEMORY/MEM_reg[24][7]
  Impl DFF        Imp:/WORK/SYS_TOP/Async_FIFO/FIFO_MEMORY/MEM_reg[24][7]

  Ref  DFF        REF:/WORK/SYS_TOP/Async_FIFO/FIFO_MEMORY/MEM_reg[25][0]
  Impl DFF        Imp:/WORK/SYS_TOP/Async_FIFO/FIFO_MEMORY/MEM_reg[25][0]

  Ref  DFF        REF:/WORK/SYS_TOP/Async_FIFO/FIFO_MEMORY/MEM_reg[25][1]
  Impl DFF        Imp:/WORK/SYS_TOP/Async_FIFO/FIFO_MEMORY/MEM_reg[25][1]

  Ref  DFF        REF:/WORK/SYS_TOP/Async_FIFO/FIFO_MEMORY/MEM_reg[25][2]
  Impl DFF        Imp:/WORK/SYS_TOP/Async_FIFO/FIFO_MEMORY/MEM_reg[25][2]

  Ref  DFF        REF:/WORK/SYS_TOP/Async_FIFO/FIFO_MEMORY/MEM_reg[25][3]
  Impl DFF        Imp:/WORK/SYS_TOP/Async_FIFO/FIFO_MEMORY/MEM_reg[25][3]

  Ref  DFF        REF:/WORK/SYS_TOP/Async_FIFO/FIFO_MEMORY/MEM_reg[25][4]
  Impl DFF        Imp:/WORK/SYS_TOP/Async_FIFO/FIFO_MEMORY/MEM_reg[25][4]

  Ref  DFF        REF:/WORK/SYS_TOP/Async_FIFO/FIFO_MEMORY/MEM_reg[25][5]
  Impl DFF        Imp:/WORK/SYS_TOP/Async_FIFO/FIFO_MEMORY/MEM_reg[25][5]

  Ref  DFF        REF:/WORK/SYS_TOP/Async_FIFO/FIFO_MEMORY/MEM_reg[25][6]
  Impl DFF        Imp:/WORK/SYS_TOP/Async_FIFO/FIFO_MEMORY/MEM_reg[25][6]

  Ref  DFF        REF:/WORK/SYS_TOP/Async_FIFO/FIFO_MEMORY/MEM_reg[25][7]
  Impl DFF        Imp:/WORK/SYS_TOP/Async_FIFO/FIFO_MEMORY/MEM_reg[25][7]

  Ref  DFF        REF:/WORK/SYS_TOP/Async_FIFO/FIFO_MEMORY/MEM_reg[26][0]
  Impl DFF        Imp:/WORK/SYS_TOP/Async_FIFO/FIFO_MEMORY/MEM_reg[26][0]

  Ref  DFF        REF:/WORK/SYS_TOP/Async_FIFO/FIFO_MEMORY/MEM_reg[26][1]
  Impl DFF        Imp:/WORK/SYS_TOP/Async_FIFO/FIFO_MEMORY/MEM_reg[26][1]

  Ref  DFF        REF:/WORK/SYS_TOP/Async_FIFO/FIFO_MEMORY/MEM_reg[26][2]
  Impl DFF        Imp:/WORK/SYS_TOP/Async_FIFO/FIFO_MEMORY/MEM_reg[26][2]

  Ref  DFF        REF:/WORK/SYS_TOP/Async_FIFO/FIFO_MEMORY/MEM_reg[26][3]
  Impl DFF        Imp:/WORK/SYS_TOP/Async_FIFO/FIFO_MEMORY/MEM_reg[26][3]

  Ref  DFF        REF:/WORK/SYS_TOP/Async_FIFO/FIFO_MEMORY/MEM_reg[26][4]
  Impl DFF        Imp:/WORK/SYS_TOP/Async_FIFO/FIFO_MEMORY/MEM_reg[26][4]

  Ref  DFF        REF:/WORK/SYS_TOP/Async_FIFO/FIFO_MEMORY/MEM_reg[26][5]
  Impl DFF        Imp:/WORK/SYS_TOP/Async_FIFO/FIFO_MEMORY/MEM_reg[26][5]

  Ref  DFF        REF:/WORK/SYS_TOP/Async_FIFO/FIFO_MEMORY/MEM_reg[26][6]
  Impl DFF        Imp:/WORK/SYS_TOP/Async_FIFO/FIFO_MEMORY/MEM_reg[26][6]

  Ref  DFF        REF:/WORK/SYS_TOP/Async_FIFO/FIFO_MEMORY/MEM_reg[26][7]
  Impl DFF        Imp:/WORK/SYS_TOP/Async_FIFO/FIFO_MEMORY/MEM_reg[26][7]

  Ref  DFF        REF:/WORK/SYS_TOP/Async_FIFO/FIFO_MEMORY/MEM_reg[27][0]
  Impl DFF        Imp:/WORK/SYS_TOP/Async_FIFO/FIFO_MEMORY/MEM_reg[27][0]

  Ref  DFF        REF:/WORK/SYS_TOP/Async_FIFO/FIFO_MEMORY/MEM_reg[27][1]
  Impl DFF        Imp:/WORK/SYS_TOP/Async_FIFO/FIFO_MEMORY/MEM_reg[27][1]

  Ref  DFF        REF:/WORK/SYS_TOP/Async_FIFO/FIFO_MEMORY/MEM_reg[27][2]
  Impl DFF        Imp:/WORK/SYS_TOP/Async_FIFO/FIFO_MEMORY/MEM_reg[27][2]

  Ref  DFF        REF:/WORK/SYS_TOP/Async_FIFO/FIFO_MEMORY/MEM_reg[27][3]
  Impl DFF        Imp:/WORK/SYS_TOP/Async_FIFO/FIFO_MEMORY/MEM_reg[27][3]

  Ref  DFF        REF:/WORK/SYS_TOP/Async_FIFO/FIFO_MEMORY/MEM_reg[27][4]
  Impl DFF        Imp:/WORK/SYS_TOP/Async_FIFO/FIFO_MEMORY/MEM_reg[27][4]

  Ref  DFF        REF:/WORK/SYS_TOP/Async_FIFO/FIFO_MEMORY/MEM_reg[27][5]
  Impl DFF        Imp:/WORK/SYS_TOP/Async_FIFO/FIFO_MEMORY/MEM_reg[27][5]

  Ref  DFF        REF:/WORK/SYS_TOP/Async_FIFO/FIFO_MEMORY/MEM_reg[27][6]
  Impl DFF        Imp:/WORK/SYS_TOP/Async_FIFO/FIFO_MEMORY/MEM_reg[27][6]

  Ref  DFF        REF:/WORK/SYS_TOP/Async_FIFO/FIFO_MEMORY/MEM_reg[27][7]
  Impl DFF        Imp:/WORK/SYS_TOP/Async_FIFO/FIFO_MEMORY/MEM_reg[27][7]

  Ref  DFF        REF:/WORK/SYS_TOP/Async_FIFO/FIFO_MEMORY/MEM_reg[28][0]
  Impl DFF        Imp:/WORK/SYS_TOP/Async_FIFO/FIFO_MEMORY/MEM_reg[28][0]

  Ref  DFF        REF:/WORK/SYS_TOP/Async_FIFO/FIFO_MEMORY/MEM_reg[28][1]
  Impl DFF        Imp:/WORK/SYS_TOP/Async_FIFO/FIFO_MEMORY/MEM_reg[28][1]

  Ref  DFF        REF:/WORK/SYS_TOP/Async_FIFO/FIFO_MEMORY/MEM_reg[28][2]
  Impl DFF        Imp:/WORK/SYS_TOP/Async_FIFO/FIFO_MEMORY/MEM_reg[28][2]

  Ref  DFF        REF:/WORK/SYS_TOP/Async_FIFO/FIFO_MEMORY/MEM_reg[28][3]
  Impl DFF        Imp:/WORK/SYS_TOP/Async_FIFO/FIFO_MEMORY/MEM_reg[28][3]

  Ref  DFF        REF:/WORK/SYS_TOP/Async_FIFO/FIFO_MEMORY/MEM_reg[28][4]
  Impl DFF        Imp:/WORK/SYS_TOP/Async_FIFO/FIFO_MEMORY/MEM_reg[28][4]

  Ref  DFF        REF:/WORK/SYS_TOP/Async_FIFO/FIFO_MEMORY/MEM_reg[28][5]
  Impl DFF        Imp:/WORK/SYS_TOP/Async_FIFO/FIFO_MEMORY/MEM_reg[28][5]

  Ref  DFF        REF:/WORK/SYS_TOP/Async_FIFO/FIFO_MEMORY/MEM_reg[28][6]
  Impl DFF        Imp:/WORK/SYS_TOP/Async_FIFO/FIFO_MEMORY/MEM_reg[28][6]

  Ref  DFF        REF:/WORK/SYS_TOP/Async_FIFO/FIFO_MEMORY/MEM_reg[28][7]
  Impl DFF        Imp:/WORK/SYS_TOP/Async_FIFO/FIFO_MEMORY/MEM_reg[28][7]

  Ref  DFF        REF:/WORK/SYS_TOP/Async_FIFO/FIFO_MEMORY/MEM_reg[29][0]
  Impl DFF        Imp:/WORK/SYS_TOP/Async_FIFO/FIFO_MEMORY/MEM_reg[29][0]

  Ref  DFF        REF:/WORK/SYS_TOP/Async_FIFO/FIFO_MEMORY/MEM_reg[29][1]
  Impl DFF        Imp:/WORK/SYS_TOP/Async_FIFO/FIFO_MEMORY/MEM_reg[29][1]

  Ref  DFF        REF:/WORK/SYS_TOP/Async_FIFO/FIFO_MEMORY/MEM_reg[29][2]
  Impl DFF        Imp:/WORK/SYS_TOP/Async_FIFO/FIFO_MEMORY/MEM_reg[29][2]

  Ref  DFF        REF:/WORK/SYS_TOP/Async_FIFO/FIFO_MEMORY/MEM_reg[29][3]
  Impl DFF        Imp:/WORK/SYS_TOP/Async_FIFO/FIFO_MEMORY/MEM_reg[29][3]

  Ref  DFF        REF:/WORK/SYS_TOP/Async_FIFO/FIFO_MEMORY/MEM_reg[29][4]
  Impl DFF        Imp:/WORK/SYS_TOP/Async_FIFO/FIFO_MEMORY/MEM_reg[29][4]

  Ref  DFF        REF:/WORK/SYS_TOP/Async_FIFO/FIFO_MEMORY/MEM_reg[29][5]
  Impl DFF        Imp:/WORK/SYS_TOP/Async_FIFO/FIFO_MEMORY/MEM_reg[29][5]

  Ref  DFF        REF:/WORK/SYS_TOP/Async_FIFO/FIFO_MEMORY/MEM_reg[29][6]
  Impl DFF        Imp:/WORK/SYS_TOP/Async_FIFO/FIFO_MEMORY/MEM_reg[29][6]

  Ref  DFF        REF:/WORK/SYS_TOP/Async_FIFO/FIFO_MEMORY/MEM_reg[29][7]
  Impl DFF        Imp:/WORK/SYS_TOP/Async_FIFO/FIFO_MEMORY/MEM_reg[29][7]

  Ref  DFF        REF:/WORK/SYS_TOP/Async_FIFO/FIFO_MEMORY/MEM_reg[2][0]
  Impl DFF        Imp:/WORK/SYS_TOP/Async_FIFO/FIFO_MEMORY/MEM_reg[2][0]

  Ref  DFF        REF:/WORK/SYS_TOP/Async_FIFO/FIFO_MEMORY/MEM_reg[2][1]
  Impl DFF        Imp:/WORK/SYS_TOP/Async_FIFO/FIFO_MEMORY/MEM_reg[2][1]

  Ref  DFF        REF:/WORK/SYS_TOP/Async_FIFO/FIFO_MEMORY/MEM_reg[2][2]
  Impl DFF        Imp:/WORK/SYS_TOP/Async_FIFO/FIFO_MEMORY/MEM_reg[2][2]

  Ref  DFF        REF:/WORK/SYS_TOP/Async_FIFO/FIFO_MEMORY/MEM_reg[2][3]
  Impl DFF        Imp:/WORK/SYS_TOP/Async_FIFO/FIFO_MEMORY/MEM_reg[2][3]

  Ref  DFF        REF:/WORK/SYS_TOP/Async_FIFO/FIFO_MEMORY/MEM_reg[2][4]
  Impl DFF        Imp:/WORK/SYS_TOP/Async_FIFO/FIFO_MEMORY/MEM_reg[2][4]

  Ref  DFF        REF:/WORK/SYS_TOP/Async_FIFO/FIFO_MEMORY/MEM_reg[2][5]
  Impl DFF        Imp:/WORK/SYS_TOP/Async_FIFO/FIFO_MEMORY/MEM_reg[2][5]

  Ref  DFF        REF:/WORK/SYS_TOP/Async_FIFO/FIFO_MEMORY/MEM_reg[2][6]
  Impl DFF        Imp:/WORK/SYS_TOP/Async_FIFO/FIFO_MEMORY/MEM_reg[2][6]

  Ref  DFF        REF:/WORK/SYS_TOP/Async_FIFO/FIFO_MEMORY/MEM_reg[2][7]
  Impl DFF        Imp:/WORK/SYS_TOP/Async_FIFO/FIFO_MEMORY/MEM_reg[2][7]

  Ref  DFF        REF:/WORK/SYS_TOP/Async_FIFO/FIFO_MEMORY/MEM_reg[30][0]
  Impl DFF        Imp:/WORK/SYS_TOP/Async_FIFO/FIFO_MEMORY/MEM_reg[30][0]

  Ref  DFF        REF:/WORK/SYS_TOP/Async_FIFO/FIFO_MEMORY/MEM_reg[30][1]
  Impl DFF        Imp:/WORK/SYS_TOP/Async_FIFO/FIFO_MEMORY/MEM_reg[30][1]

  Ref  DFF        REF:/WORK/SYS_TOP/Async_FIFO/FIFO_MEMORY/MEM_reg[30][2]
  Impl DFF        Imp:/WORK/SYS_TOP/Async_FIFO/FIFO_MEMORY/MEM_reg[30][2]

  Ref  DFF        REF:/WORK/SYS_TOP/Async_FIFO/FIFO_MEMORY/MEM_reg[30][3]
  Impl DFF        Imp:/WORK/SYS_TOP/Async_FIFO/FIFO_MEMORY/MEM_reg[30][3]

  Ref  DFF        REF:/WORK/SYS_TOP/Async_FIFO/FIFO_MEMORY/MEM_reg[30][4]
  Impl DFF        Imp:/WORK/SYS_TOP/Async_FIFO/FIFO_MEMORY/MEM_reg[30][4]

  Ref  DFF        REF:/WORK/SYS_TOP/Async_FIFO/FIFO_MEMORY/MEM_reg[30][5]
  Impl DFF        Imp:/WORK/SYS_TOP/Async_FIFO/FIFO_MEMORY/MEM_reg[30][5]

  Ref  DFF        REF:/WORK/SYS_TOP/Async_FIFO/FIFO_MEMORY/MEM_reg[30][6]
  Impl DFF        Imp:/WORK/SYS_TOP/Async_FIFO/FIFO_MEMORY/MEM_reg[30][6]

  Ref  DFF        REF:/WORK/SYS_TOP/Async_FIFO/FIFO_MEMORY/MEM_reg[30][7]
  Impl DFF        Imp:/WORK/SYS_TOP/Async_FIFO/FIFO_MEMORY/MEM_reg[30][7]

  Ref  DFF        REF:/WORK/SYS_TOP/Async_FIFO/FIFO_MEMORY/MEM_reg[31][0]
  Impl DFF        Imp:/WORK/SYS_TOP/Async_FIFO/FIFO_MEMORY/MEM_reg[31][0]

  Ref  DFF        REF:/WORK/SYS_TOP/Async_FIFO/FIFO_MEMORY/MEM_reg[31][1]
  Impl DFF        Imp:/WORK/SYS_TOP/Async_FIFO/FIFO_MEMORY/MEM_reg[31][1]

  Ref  DFF        REF:/WORK/SYS_TOP/Async_FIFO/FIFO_MEMORY/MEM_reg[31][2]
  Impl DFF        Imp:/WORK/SYS_TOP/Async_FIFO/FIFO_MEMORY/MEM_reg[31][2]

  Ref  DFF        REF:/WORK/SYS_TOP/Async_FIFO/FIFO_MEMORY/MEM_reg[31][3]
  Impl DFF        Imp:/WORK/SYS_TOP/Async_FIFO/FIFO_MEMORY/MEM_reg[31][3]

  Ref  DFF        REF:/WORK/SYS_TOP/Async_FIFO/FIFO_MEMORY/MEM_reg[31][4]
  Impl DFF        Imp:/WORK/SYS_TOP/Async_FIFO/FIFO_MEMORY/MEM_reg[31][4]

  Ref  DFF        REF:/WORK/SYS_TOP/Async_FIFO/FIFO_MEMORY/MEM_reg[31][5]
  Impl DFF        Imp:/WORK/SYS_TOP/Async_FIFO/FIFO_MEMORY/MEM_reg[31][5]

  Ref  DFF        REF:/WORK/SYS_TOP/Async_FIFO/FIFO_MEMORY/MEM_reg[31][6]
  Impl DFF        Imp:/WORK/SYS_TOP/Async_FIFO/FIFO_MEMORY/MEM_reg[31][6]

  Ref  DFF        REF:/WORK/SYS_TOP/Async_FIFO/FIFO_MEMORY/MEM_reg[31][7]
  Impl DFF        Imp:/WORK/SYS_TOP/Async_FIFO/FIFO_MEMORY/MEM_reg[31][7]

  Ref  DFF        REF:/WORK/SYS_TOP/Async_FIFO/FIFO_MEMORY/MEM_reg[3][0]
  Impl DFF        Imp:/WORK/SYS_TOP/Async_FIFO/FIFO_MEMORY/MEM_reg[3][0]

  Ref  DFF        REF:/WORK/SYS_TOP/Async_FIFO/FIFO_MEMORY/MEM_reg[3][1]
  Impl DFF        Imp:/WORK/SYS_TOP/Async_FIFO/FIFO_MEMORY/MEM_reg[3][1]

  Ref  DFF        REF:/WORK/SYS_TOP/Async_FIFO/FIFO_MEMORY/MEM_reg[3][2]
  Impl DFF        Imp:/WORK/SYS_TOP/Async_FIFO/FIFO_MEMORY/MEM_reg[3][2]

  Ref  DFF        REF:/WORK/SYS_TOP/Async_FIFO/FIFO_MEMORY/MEM_reg[3][3]
  Impl DFF        Imp:/WORK/SYS_TOP/Async_FIFO/FIFO_MEMORY/MEM_reg[3][3]

  Ref  DFF        REF:/WORK/SYS_TOP/Async_FIFO/FIFO_MEMORY/MEM_reg[3][4]
  Impl DFF        Imp:/WORK/SYS_TOP/Async_FIFO/FIFO_MEMORY/MEM_reg[3][4]

  Ref  DFF        REF:/WORK/SYS_TOP/Async_FIFO/FIFO_MEMORY/MEM_reg[3][5]
  Impl DFF        Imp:/WORK/SYS_TOP/Async_FIFO/FIFO_MEMORY/MEM_reg[3][5]

  Ref  DFF        REF:/WORK/SYS_TOP/Async_FIFO/FIFO_MEMORY/MEM_reg[3][6]
  Impl DFF        Imp:/WORK/SYS_TOP/Async_FIFO/FIFO_MEMORY/MEM_reg[3][6]

  Ref  DFF        REF:/WORK/SYS_TOP/Async_FIFO/FIFO_MEMORY/MEM_reg[3][7]
  Impl DFF        Imp:/WORK/SYS_TOP/Async_FIFO/FIFO_MEMORY/MEM_reg[3][7]

  Ref  DFF        REF:/WORK/SYS_TOP/Async_FIFO/FIFO_MEMORY/MEM_reg[4][0]
  Impl DFF        Imp:/WORK/SYS_TOP/Async_FIFO/FIFO_MEMORY/MEM_reg[4][0]

  Ref  DFF        REF:/WORK/SYS_TOP/Async_FIFO/FIFO_MEMORY/MEM_reg[4][1]
  Impl DFF        Imp:/WORK/SYS_TOP/Async_FIFO/FIFO_MEMORY/MEM_reg[4][1]

  Ref  DFF        REF:/WORK/SYS_TOP/Async_FIFO/FIFO_MEMORY/MEM_reg[4][2]
  Impl DFF        Imp:/WORK/SYS_TOP/Async_FIFO/FIFO_MEMORY/MEM_reg[4][2]

  Ref  DFF        REF:/WORK/SYS_TOP/Async_FIFO/FIFO_MEMORY/MEM_reg[4][3]
  Impl DFF        Imp:/WORK/SYS_TOP/Async_FIFO/FIFO_MEMORY/MEM_reg[4][3]

  Ref  DFF        REF:/WORK/SYS_TOP/Async_FIFO/FIFO_MEMORY/MEM_reg[4][4]
  Impl DFF        Imp:/WORK/SYS_TOP/Async_FIFO/FIFO_MEMORY/MEM_reg[4][4]

  Ref  DFF        REF:/WORK/SYS_TOP/Async_FIFO/FIFO_MEMORY/MEM_reg[4][5]
  Impl DFF        Imp:/WORK/SYS_TOP/Async_FIFO/FIFO_MEMORY/MEM_reg[4][5]

  Ref  DFF        REF:/WORK/SYS_TOP/Async_FIFO/FIFO_MEMORY/MEM_reg[4][6]
  Impl DFF        Imp:/WORK/SYS_TOP/Async_FIFO/FIFO_MEMORY/MEM_reg[4][6]

  Ref  DFF        REF:/WORK/SYS_TOP/Async_FIFO/FIFO_MEMORY/MEM_reg[4][7]
  Impl DFF        Imp:/WORK/SYS_TOP/Async_FIFO/FIFO_MEMORY/MEM_reg[4][7]

  Ref  DFF        REF:/WORK/SYS_TOP/Async_FIFO/FIFO_MEMORY/MEM_reg[5][0]
  Impl DFF        Imp:/WORK/SYS_TOP/Async_FIFO/FIFO_MEMORY/MEM_reg[5][0]

  Ref  DFF        REF:/WORK/SYS_TOP/Async_FIFO/FIFO_MEMORY/MEM_reg[5][1]
  Impl DFF        Imp:/WORK/SYS_TOP/Async_FIFO/FIFO_MEMORY/MEM_reg[5][1]

  Ref  DFF        REF:/WORK/SYS_TOP/Async_FIFO/FIFO_MEMORY/MEM_reg[5][2]
  Impl DFF        Imp:/WORK/SYS_TOP/Async_FIFO/FIFO_MEMORY/MEM_reg[5][2]

  Ref  DFF        REF:/WORK/SYS_TOP/Async_FIFO/FIFO_MEMORY/MEM_reg[5][3]
  Impl DFF        Imp:/WORK/SYS_TOP/Async_FIFO/FIFO_MEMORY/MEM_reg[5][3]

  Ref  DFF        REF:/WORK/SYS_TOP/Async_FIFO/FIFO_MEMORY/MEM_reg[5][4]
  Impl DFF        Imp:/WORK/SYS_TOP/Async_FIFO/FIFO_MEMORY/MEM_reg[5][4]

  Ref  DFF        REF:/WORK/SYS_TOP/Async_FIFO/FIFO_MEMORY/MEM_reg[5][5]
  Impl DFF        Imp:/WORK/SYS_TOP/Async_FIFO/FIFO_MEMORY/MEM_reg[5][5]

  Ref  DFF        REF:/WORK/SYS_TOP/Async_FIFO/FIFO_MEMORY/MEM_reg[5][6]
  Impl DFF        Imp:/WORK/SYS_TOP/Async_FIFO/FIFO_MEMORY/MEM_reg[5][6]

  Ref  DFF        REF:/WORK/SYS_TOP/Async_FIFO/FIFO_MEMORY/MEM_reg[5][7]
  Impl DFF        Imp:/WORK/SYS_TOP/Async_FIFO/FIFO_MEMORY/MEM_reg[5][7]

  Ref  DFF        REF:/WORK/SYS_TOP/Async_FIFO/FIFO_MEMORY/MEM_reg[6][0]
  Impl DFF        Imp:/WORK/SYS_TOP/Async_FIFO/FIFO_MEMORY/MEM_reg[6][0]

  Ref  DFF        REF:/WORK/SYS_TOP/Async_FIFO/FIFO_MEMORY/MEM_reg[6][1]
  Impl DFF        Imp:/WORK/SYS_TOP/Async_FIFO/FIFO_MEMORY/MEM_reg[6][1]

  Ref  DFF        REF:/WORK/SYS_TOP/Async_FIFO/FIFO_MEMORY/MEM_reg[6][2]
  Impl DFF        Imp:/WORK/SYS_TOP/Async_FIFO/FIFO_MEMORY/MEM_reg[6][2]

  Ref  DFF        REF:/WORK/SYS_TOP/Async_FIFO/FIFO_MEMORY/MEM_reg[6][3]
  Impl DFF        Imp:/WORK/SYS_TOP/Async_FIFO/FIFO_MEMORY/MEM_reg[6][3]

  Ref  DFF        REF:/WORK/SYS_TOP/Async_FIFO/FIFO_MEMORY/MEM_reg[6][4]
  Impl DFF        Imp:/WORK/SYS_TOP/Async_FIFO/FIFO_MEMORY/MEM_reg[6][4]

  Ref  DFF        REF:/WORK/SYS_TOP/Async_FIFO/FIFO_MEMORY/MEM_reg[6][5]
  Impl DFF        Imp:/WORK/SYS_TOP/Async_FIFO/FIFO_MEMORY/MEM_reg[6][5]

  Ref  DFF        REF:/WORK/SYS_TOP/Async_FIFO/FIFO_MEMORY/MEM_reg[6][6]
  Impl DFF        Imp:/WORK/SYS_TOP/Async_FIFO/FIFO_MEMORY/MEM_reg[6][6]

  Ref  DFF        REF:/WORK/SYS_TOP/Async_FIFO/FIFO_MEMORY/MEM_reg[6][7]
  Impl DFF        Imp:/WORK/SYS_TOP/Async_FIFO/FIFO_MEMORY/MEM_reg[6][7]

  Ref  DFF        REF:/WORK/SYS_TOP/Async_FIFO/FIFO_MEMORY/MEM_reg[7][0]
  Impl DFF        Imp:/WORK/SYS_TOP/Async_FIFO/FIFO_MEMORY/MEM_reg[7][0]

  Ref  DFF        REF:/WORK/SYS_TOP/Async_FIFO/FIFO_MEMORY/MEM_reg[7][1]
  Impl DFF        Imp:/WORK/SYS_TOP/Async_FIFO/FIFO_MEMORY/MEM_reg[7][1]

  Ref  DFF        REF:/WORK/SYS_TOP/Async_FIFO/FIFO_MEMORY/MEM_reg[7][2]
  Impl DFF        Imp:/WORK/SYS_TOP/Async_FIFO/FIFO_MEMORY/MEM_reg[7][2]

  Ref  DFF        REF:/WORK/SYS_TOP/Async_FIFO/FIFO_MEMORY/MEM_reg[7][3]
  Impl DFF        Imp:/WORK/SYS_TOP/Async_FIFO/FIFO_MEMORY/MEM_reg[7][3]

  Ref  DFF        REF:/WORK/SYS_TOP/Async_FIFO/FIFO_MEMORY/MEM_reg[7][4]
  Impl DFF        Imp:/WORK/SYS_TOP/Async_FIFO/FIFO_MEMORY/MEM_reg[7][4]

  Ref  DFF        REF:/WORK/SYS_TOP/Async_FIFO/FIFO_MEMORY/MEM_reg[7][5]
  Impl DFF        Imp:/WORK/SYS_TOP/Async_FIFO/FIFO_MEMORY/MEM_reg[7][5]

  Ref  DFF        REF:/WORK/SYS_TOP/Async_FIFO/FIFO_MEMORY/MEM_reg[7][6]
  Impl DFF        Imp:/WORK/SYS_TOP/Async_FIFO/FIFO_MEMORY/MEM_reg[7][6]

  Ref  DFF        REF:/WORK/SYS_TOP/Async_FIFO/FIFO_MEMORY/MEM_reg[7][7]
  Impl DFF        Imp:/WORK/SYS_TOP/Async_FIFO/FIFO_MEMORY/MEM_reg[7][7]

  Ref  DFF        REF:/WORK/SYS_TOP/Async_FIFO/FIFO_MEMORY/MEM_reg[8][0]
  Impl DFF        Imp:/WORK/SYS_TOP/Async_FIFO/FIFO_MEMORY/MEM_reg[8][0]

  Ref  DFF        REF:/WORK/SYS_TOP/Async_FIFO/FIFO_MEMORY/MEM_reg[8][1]
  Impl DFF        Imp:/WORK/SYS_TOP/Async_FIFO/FIFO_MEMORY/MEM_reg[8][1]

  Ref  DFF        REF:/WORK/SYS_TOP/Async_FIFO/FIFO_MEMORY/MEM_reg[8][2]
  Impl DFF        Imp:/WORK/SYS_TOP/Async_FIFO/FIFO_MEMORY/MEM_reg[8][2]

  Ref  DFF        REF:/WORK/SYS_TOP/Async_FIFO/FIFO_MEMORY/MEM_reg[8][3]
  Impl DFF        Imp:/WORK/SYS_TOP/Async_FIFO/FIFO_MEMORY/MEM_reg[8][3]

  Ref  DFF        REF:/WORK/SYS_TOP/Async_FIFO/FIFO_MEMORY/MEM_reg[8][4]
  Impl DFF        Imp:/WORK/SYS_TOP/Async_FIFO/FIFO_MEMORY/MEM_reg[8][4]

  Ref  DFF        REF:/WORK/SYS_TOP/Async_FIFO/FIFO_MEMORY/MEM_reg[8][5]
  Impl DFF        Imp:/WORK/SYS_TOP/Async_FIFO/FIFO_MEMORY/MEM_reg[8][5]

  Ref  DFF        REF:/WORK/SYS_TOP/Async_FIFO/FIFO_MEMORY/MEM_reg[8][6]
  Impl DFF        Imp:/WORK/SYS_TOP/Async_FIFO/FIFO_MEMORY/MEM_reg[8][6]

  Ref  DFF        REF:/WORK/SYS_TOP/Async_FIFO/FIFO_MEMORY/MEM_reg[8][7]
  Impl DFF        Imp:/WORK/SYS_TOP/Async_FIFO/FIFO_MEMORY/MEM_reg[8][7]

  Ref  DFF        REF:/WORK/SYS_TOP/Async_FIFO/FIFO_MEMORY/MEM_reg[9][0]
  Impl DFF        Imp:/WORK/SYS_TOP/Async_FIFO/FIFO_MEMORY/MEM_reg[9][0]

  Ref  DFF        REF:/WORK/SYS_TOP/Async_FIFO/FIFO_MEMORY/MEM_reg[9][1]
  Impl DFF        Imp:/WORK/SYS_TOP/Async_FIFO/FIFO_MEMORY/MEM_reg[9][1]

  Ref  DFF        REF:/WORK/SYS_TOP/Async_FIFO/FIFO_MEMORY/MEM_reg[9][2]
  Impl DFF        Imp:/WORK/SYS_TOP/Async_FIFO/FIFO_MEMORY/MEM_reg[9][2]

  Ref  DFF        REF:/WORK/SYS_TOP/Async_FIFO/FIFO_MEMORY/MEM_reg[9][3]
  Impl DFF        Imp:/WORK/SYS_TOP/Async_FIFO/FIFO_MEMORY/MEM_reg[9][3]

  Ref  DFF        REF:/WORK/SYS_TOP/Async_FIFO/FIFO_MEMORY/MEM_reg[9][4]
  Impl DFF        Imp:/WORK/SYS_TOP/Async_FIFO/FIFO_MEMORY/MEM_reg[9][4]

  Ref  DFF        REF:/WORK/SYS_TOP/Async_FIFO/FIFO_MEMORY/MEM_reg[9][5]
  Impl DFF        Imp:/WORK/SYS_TOP/Async_FIFO/FIFO_MEMORY/MEM_reg[9][5]

  Ref  DFF        REF:/WORK/SYS_TOP/Async_FIFO/FIFO_MEMORY/MEM_reg[9][6]
  Impl DFF        Imp:/WORK/SYS_TOP/Async_FIFO/FIFO_MEMORY/MEM_reg[9][6]

  Ref  DFF        REF:/WORK/SYS_TOP/Async_FIFO/FIFO_MEMORY/MEM_reg[9][7]
  Impl DFF        Imp:/WORK/SYS_TOP/Async_FIFO/FIFO_MEMORY/MEM_reg[9][7]

  Ref  DFF        REF:/WORK/SYS_TOP/Async_FIFO/FIFO_MEMORY/rdata_reg[0]
  Impl DFF        Imp:/WORK/SYS_TOP/Async_FIFO/FIFO_MEMORY/rdata_reg[0]

  Ref  DFF        REF:/WORK/SYS_TOP/Async_FIFO/FIFO_MEMORY/rdata_reg[1]
  Impl DFF        Imp:/WORK/SYS_TOP/Async_FIFO/FIFO_MEMORY/rdata_reg[1]

  Ref  DFF        REF:/WORK/SYS_TOP/Async_FIFO/FIFO_MEMORY/rdata_reg[2]
  Impl DFF        Imp:/WORK/SYS_TOP/Async_FIFO/FIFO_MEMORY/rdata_reg[2]

  Ref  DFF        REF:/WORK/SYS_TOP/Async_FIFO/FIFO_MEMORY/rdata_reg[3]
  Impl DFF        Imp:/WORK/SYS_TOP/Async_FIFO/FIFO_MEMORY/rdata_reg[3]

  Ref  DFF        REF:/WORK/SYS_TOP/Async_FIFO/FIFO_MEMORY/rdata_reg[4]
  Impl DFF        Imp:/WORK/SYS_TOP/Async_FIFO/FIFO_MEMORY/rdata_reg[4]

  Ref  DFF        REF:/WORK/SYS_TOP/Async_FIFO/FIFO_MEMORY/rdata_reg[5]
  Impl DFF        Imp:/WORK/SYS_TOP/Async_FIFO/FIFO_MEMORY/rdata_reg[5]

  Ref  DFF        REF:/WORK/SYS_TOP/Async_FIFO/FIFO_MEMORY/rdata_reg[6]
  Impl DFF        Imp:/WORK/SYS_TOP/Async_FIFO/FIFO_MEMORY/rdata_reg[6]

  Ref  DFF        REF:/WORK/SYS_TOP/Async_FIFO/FIFO_MEMORY/rdata_reg[7]
  Impl DFF        Imp:/WORK/SYS_TOP/Async_FIFO/FIFO_MEMORY/rdata_reg[7]

  Ref  DFF        REF:/WORK/SYS_TOP/Async_FIFO/SYNC_R2W/sync_bus_reg[0]
  Impl DFF        Imp:/WORK/SYS_TOP/Async_FIFO/SYNC_R2W/sync_bus_reg[0]

  Ref  DFF        REF:/WORK/SYS_TOP/Async_FIFO/SYNC_R2W/sync_bus_reg[1]
  Impl DFF        Imp:/WORK/SYS_TOP/Async_FIFO/SYNC_R2W/sync_bus_reg[1]

  Ref  DFF        REF:/WORK/SYS_TOP/Async_FIFO/SYNC_R2W/sync_bus_reg[2]
  Impl DFF        Imp:/WORK/SYS_TOP/Async_FIFO/SYNC_R2W/sync_bus_reg[2]

  Ref  DFF        REF:/WORK/SYS_TOP/Async_FIFO/SYNC_R2W/sync_bus_reg[3]
  Impl DFF        Imp:/WORK/SYS_TOP/Async_FIFO/SYNC_R2W/sync_bus_reg[3]

  Ref  DFF        REF:/WORK/SYS_TOP/Async_FIFO/SYNC_R2W/sync_bus_reg[4]
  Impl DFF        Imp:/WORK/SYS_TOP/Async_FIFO/SYNC_R2W/sync_bus_reg[4]

  Ref  DFF        REF:/WORK/SYS_TOP/Async_FIFO/SYNC_R2W/sync_bus_reg[5]
  Impl DFF        Imp:/WORK/SYS_TOP/Async_FIFO/SYNC_R2W/sync_bus_reg[5]

  Ref  DFF        REF:/WORK/SYS_TOP/Async_FIFO/SYNC_R2W/synchronizer_reg[0]
  Impl DFF        Imp:/WORK/SYS_TOP/Async_FIFO/SYNC_R2W/synchronizer_reg[0]

  Ref  DFF        REF:/WORK/SYS_TOP/Async_FIFO/SYNC_R2W/synchronizer_reg[1]
  Impl DFF        Imp:/WORK/SYS_TOP/Async_FIFO/SYNC_R2W/synchronizer_reg[1]

  Ref  DFF        REF:/WORK/SYS_TOP/Async_FIFO/SYNC_R2W/synchronizer_reg[2]
  Impl DFF        Imp:/WORK/SYS_TOP/Async_FIFO/SYNC_R2W/synchronizer_reg[2]

  Ref  DFF        REF:/WORK/SYS_TOP/Async_FIFO/SYNC_R2W/synchronizer_reg[3]
  Impl DFF        Imp:/WORK/SYS_TOP/Async_FIFO/SYNC_R2W/synchronizer_reg[3]

  Ref  DFF        REF:/WORK/SYS_TOP/Async_FIFO/SYNC_R2W/synchronizer_reg[4]
  Impl DFF        Imp:/WORK/SYS_TOP/Async_FIFO/SYNC_R2W/synchronizer_reg[4]

  Ref  DFF        REF:/WORK/SYS_TOP/Async_FIFO/SYNC_R2W/synchronizer_reg[5]
  Impl DFF        Imp:/WORK/SYS_TOP/Async_FIFO/SYNC_R2W/synchronizer_reg[5]

  Ref  DFF        REF:/WORK/SYS_TOP/Async_FIFO/SYNC_W2R/sync_bus_reg[0]
  Impl DFF        Imp:/WORK/SYS_TOP/Async_FIFO/SYNC_W2R/sync_bus_reg[0]

  Ref  DFF        REF:/WORK/SYS_TOP/Async_FIFO/SYNC_W2R/sync_bus_reg[1]
  Impl DFF        Imp:/WORK/SYS_TOP/Async_FIFO/SYNC_W2R/sync_bus_reg[1]

  Ref  DFF        REF:/WORK/SYS_TOP/Async_FIFO/SYNC_W2R/sync_bus_reg[2]
  Impl DFF        Imp:/WORK/SYS_TOP/Async_FIFO/SYNC_W2R/sync_bus_reg[2]

  Ref  DFF        REF:/WORK/SYS_TOP/Async_FIFO/SYNC_W2R/sync_bus_reg[3]
  Impl DFF        Imp:/WORK/SYS_TOP/Async_FIFO/SYNC_W2R/sync_bus_reg[3]

  Ref  DFF        REF:/WORK/SYS_TOP/Async_FIFO/SYNC_W2R/sync_bus_reg[4]
  Impl DFF        Imp:/WORK/SYS_TOP/Async_FIFO/SYNC_W2R/sync_bus_reg[4]

  Ref  DFF        REF:/WORK/SYS_TOP/Async_FIFO/SYNC_W2R/sync_bus_reg[5]
  Impl DFF        Imp:/WORK/SYS_TOP/Async_FIFO/SYNC_W2R/sync_bus_reg[5]

  Ref  DFF        REF:/WORK/SYS_TOP/Async_FIFO/SYNC_W2R/synchronizer_reg[0]
  Impl DFF        Imp:/WORK/SYS_TOP/Async_FIFO/SYNC_W2R/synchronizer_reg[0]

  Ref  DFF        REF:/WORK/SYS_TOP/Async_FIFO/SYNC_W2R/synchronizer_reg[1]
  Impl DFF        Imp:/WORK/SYS_TOP/Async_FIFO/SYNC_W2R/synchronizer_reg[1]

  Ref  DFF        REF:/WORK/SYS_TOP/Async_FIFO/SYNC_W2R/synchronizer_reg[2]
  Impl DFF        Imp:/WORK/SYS_TOP/Async_FIFO/SYNC_W2R/synchronizer_reg[2]

  Ref  DFF        REF:/WORK/SYS_TOP/Async_FIFO/SYNC_W2R/synchronizer_reg[3]
  Impl DFF        Imp:/WORK/SYS_TOP/Async_FIFO/SYNC_W2R/synchronizer_reg[3]

  Ref  DFF        REF:/WORK/SYS_TOP/Async_FIFO/SYNC_W2R/synchronizer_reg[4]
  Impl DFF        Imp:/WORK/SYS_TOP/Async_FIFO/SYNC_W2R/synchronizer_reg[4]

  Ref  DFF        REF:/WORK/SYS_TOP/Async_FIFO/SYNC_W2R/synchronizer_reg[5]
  Impl DFF        Imp:/WORK/SYS_TOP/Async_FIFO/SYNC_W2R/synchronizer_reg[5]

  Ref  DFF        REF:/WORK/SYS_TOP/Async_FIFO/rptr_empty/bn_ptr_reg[0]
  Impl DFF        Imp:/WORK/SYS_TOP/Async_FIFO/rptr_empty/bn_ptr_reg[0]

  Ref  DFF        REF:/WORK/SYS_TOP/Async_FIFO/rptr_empty/bn_ptr_reg[1]
  Impl DFF        Imp:/WORK/SYS_TOP/Async_FIFO/rptr_empty/bn_ptr_reg[1]

  Ref  DFF        REF:/WORK/SYS_TOP/Async_FIFO/rptr_empty/bn_ptr_reg[2]
  Impl DFF        Imp:/WORK/SYS_TOP/Async_FIFO/rptr_empty/bn_ptr_reg[2]

  Ref  DFF        REF:/WORK/SYS_TOP/Async_FIFO/rptr_empty/bn_ptr_reg[3]
  Impl DFF        Imp:/WORK/SYS_TOP/Async_FIFO/rptr_empty/bn_ptr_reg[3]

  Ref  DFF        REF:/WORK/SYS_TOP/Async_FIFO/rptr_empty/bn_ptr_reg[4]
  Impl DFF        Imp:/WORK/SYS_TOP/Async_FIFO/rptr_empty/bn_ptr_reg[4]

  Ref  DFF        REF:/WORK/SYS_TOP/Async_FIFO/rptr_empty/bn_ptr_reg[5]
  Impl DFF        Imp:/WORK/SYS_TOP/Async_FIFO/rptr_empty/bn_ptr_reg[5]

  Ref  DFF        REF:/WORK/SYS_TOP/Async_FIFO/rptr_empty/empty_flag_reg
  Impl DFF        Imp:/WORK/SYS_TOP/Async_FIFO/rptr_empty/empty_flag_reg

  Ref  DFF        REF:/WORK/SYS_TOP/Async_FIFO/wptr_full/bn_ptr_reg[0]
  Impl DFF        Imp:/WORK/SYS_TOP/Async_FIFO/wptr_full/bn_ptr_reg[0]

  Ref  DFF        REF:/WORK/SYS_TOP/Async_FIFO/wptr_full/bn_ptr_reg[1]
  Impl DFF        Imp:/WORK/SYS_TOP/Async_FIFO/wptr_full/bn_ptr_reg[1]

  Ref  DFF        REF:/WORK/SYS_TOP/Async_FIFO/wptr_full/bn_ptr_reg[2]
  Impl DFF        Imp:/WORK/SYS_TOP/Async_FIFO/wptr_full/bn_ptr_reg[2]

  Ref  DFF        REF:/WORK/SYS_TOP/Async_FIFO/wptr_full/bn_ptr_reg[3]
  Impl DFF        Imp:/WORK/SYS_TOP/Async_FIFO/wptr_full/bn_ptr_reg[3]

  Ref  DFF        REF:/WORK/SYS_TOP/Async_FIFO/wptr_full/bn_ptr_reg[4]
  Impl DFF        Imp:/WORK/SYS_TOP/Async_FIFO/wptr_full/bn_ptr_reg[4]

  Ref  DFF        REF:/WORK/SYS_TOP/Async_FIFO/wptr_full/bn_ptr_reg[5]
  Impl DFF        Imp:/WORK/SYS_TOP/Async_FIFO/wptr_full/bn_ptr_reg[5]

  Ref  DFF        REF:/WORK/SYS_TOP/Async_FIFO/wptr_full/full_flag_reg
  Impl DFF        Imp:/WORK/SYS_TOP/Async_FIFO/wptr_full/full_flag_reg

  Ref  DFF        REF:/WORK/SYS_TOP/RST_SYNC_1/synchronizer_reg[0]
  Impl DFF        Imp:/WORK/SYS_TOP/RST_SYNC_1/synchronizer_reg[0]

  Ref  DFF        REF:/WORK/SYS_TOP/RST_SYNC_1/synchronizer_reg[1]
  Impl DFF        Imp:/WORK/SYS_TOP/RST_SYNC_1/synchronizer_reg[1]

  Ref  DFF        REF:/WORK/SYS_TOP/RST_SYNC_2/synchronizer_reg[0]
  Impl DFF        Imp:/WORK/SYS_TOP/RST_SYNC_2/synchronizer_reg[0]

  Ref  DFF        REF:/WORK/SYS_TOP/RST_SYNC_2/synchronizer_reg[1]
  Impl DFF        Imp:/WORK/SYS_TOP/RST_SYNC_2/synchronizer_reg[1]

  Ref  DFF        REF:/WORK/SYS_TOP/System_Control/ALU_Result_reg[0]
  Impl DFF        Imp:/WORK/SYS_TOP/System_Control/ALU_Result_reg[0]

  Ref  DFF        REF:/WORK/SYS_TOP/System_Control/ALU_Result_reg[10]
  Impl DFF        Imp:/WORK/SYS_TOP/System_Control/ALU_Result_reg[10]

  Ref  DFF        REF:/WORK/SYS_TOP/System_Control/ALU_Result_reg[11]
  Impl DFF        Imp:/WORK/SYS_TOP/System_Control/ALU_Result_reg[11]

  Ref  DFF        REF:/WORK/SYS_TOP/System_Control/ALU_Result_reg[12]
  Impl DFF        Imp:/WORK/SYS_TOP/System_Control/ALU_Result_reg[12]

  Ref  DFF        REF:/WORK/SYS_TOP/System_Control/ALU_Result_reg[13]
  Impl DFF        Imp:/WORK/SYS_TOP/System_Control/ALU_Result_reg[13]

  Ref  DFF        REF:/WORK/SYS_TOP/System_Control/ALU_Result_reg[14]
  Impl DFF        Imp:/WORK/SYS_TOP/System_Control/ALU_Result_reg[14]

  Ref  DFF        REF:/WORK/SYS_TOP/System_Control/ALU_Result_reg[15]
  Impl DFF        Imp:/WORK/SYS_TOP/System_Control/ALU_Result_reg[15]

  Ref  DFF        REF:/WORK/SYS_TOP/System_Control/ALU_Result_reg[1]
  Impl DFF        Imp:/WORK/SYS_TOP/System_Control/ALU_Result_reg[1]

  Ref  DFF        REF:/WORK/SYS_TOP/System_Control/ALU_Result_reg[2]
  Impl DFF        Imp:/WORK/SYS_TOP/System_Control/ALU_Result_reg[2]

  Ref  DFF        REF:/WORK/SYS_TOP/System_Control/ALU_Result_reg[3]
  Impl DFF        Imp:/WORK/SYS_TOP/System_Control/ALU_Result_reg[3]

  Ref  DFF        REF:/WORK/SYS_TOP/System_Control/ALU_Result_reg[4]
  Impl DFF        Imp:/WORK/SYS_TOP/System_Control/ALU_Result_reg[4]

  Ref  DFF        REF:/WORK/SYS_TOP/System_Control/ALU_Result_reg[5]
  Impl DFF        Imp:/WORK/SYS_TOP/System_Control/ALU_Result_reg[5]

  Ref  DFF        REF:/WORK/SYS_TOP/System_Control/ALU_Result_reg[6]
  Impl DFF        Imp:/WORK/SYS_TOP/System_Control/ALU_Result_reg[6]

  Ref  DFF        REF:/WORK/SYS_TOP/System_Control/ALU_Result_reg[7]
  Impl DFF        Imp:/WORK/SYS_TOP/System_Control/ALU_Result_reg[7]

  Ref  DFF        REF:/WORK/SYS_TOP/System_Control/ALU_Result_reg[8]
  Impl DFF        Imp:/WORK/SYS_TOP/System_Control/ALU_Result_reg[8]

  Ref  DFF        REF:/WORK/SYS_TOP/System_Control/ALU_Result_reg[9]
  Impl DFF        Imp:/WORK/SYS_TOP/System_Control/ALU_Result_reg[9]

  Ref  DFF        REF:/WORK/SYS_TOP/System_Control/RX_Data_Register_reg[0]
  Impl DFF        Imp:/WORK/SYS_TOP/System_Control/RX_Data_Register_reg[0]

  Ref  DFF        REF:/WORK/SYS_TOP/System_Control/RX_Data_Register_reg[1]
  Impl DFF        Imp:/WORK/SYS_TOP/System_Control/RX_Data_Register_reg[1]

  Ref  DFF        REF:/WORK/SYS_TOP/System_Control/RX_Data_Register_reg[2]
  Impl DFF        Imp:/WORK/SYS_TOP/System_Control/RX_Data_Register_reg[2]

  Ref  DFF        REF:/WORK/SYS_TOP/System_Control/RX_Data_Register_reg[3]
  Impl DFF        Imp:/WORK/SYS_TOP/System_Control/RX_Data_Register_reg[3]

  Ref  DFF        REF:/WORK/SYS_TOP/System_Control/RX_Data_Register_reg[4]
  Impl DFF        Imp:/WORK/SYS_TOP/System_Control/RX_Data_Register_reg[4]

  Ref  DFF        REF:/WORK/SYS_TOP/System_Control/RX_Data_Register_reg[5]
  Impl DFF        Imp:/WORK/SYS_TOP/System_Control/RX_Data_Register_reg[5]

  Ref  DFF        REF:/WORK/SYS_TOP/System_Control/RX_Data_Register_reg[6]
  Impl DFF        Imp:/WORK/SYS_TOP/System_Control/RX_Data_Register_reg[6]

  Ref  DFF        REF:/WORK/SYS_TOP/System_Control/RX_Data_Register_reg[7]
  Impl DFF        Imp:/WORK/SYS_TOP/System_Control/RX_Data_Register_reg[7]

  Ref  DFF        REF:/WORK/SYS_TOP/System_Control/RegFile_ADDR_Register_reg[0]
  Impl DFF        Imp:/WORK/SYS_TOP/System_Control/RegFile_ADDR_Register_reg[0]

  Ref  DFF        REF:/WORK/SYS_TOP/System_Control/RegFile_ADDR_Register_reg[1]
  Impl DFF        Imp:/WORK/SYS_TOP/System_Control/RegFile_ADDR_Register_reg[1]

  Ref  DFF        REF:/WORK/SYS_TOP/System_Control/RegFile_ADDR_Register_reg[2]
  Impl DFF        Imp:/WORK/SYS_TOP/System_Control/RegFile_ADDR_Register_reg[2]

  Ref  DFF        REF:/WORK/SYS_TOP/System_Control/RegFile_ADDR_Register_reg[3]
  Impl DFF        Imp:/WORK/SYS_TOP/System_Control/RegFile_ADDR_Register_reg[3]

  Ref  DFF        REF:/WORK/SYS_TOP/System_Control/current_state_reg[0]
  Impl DFF        Imp:/WORK/SYS_TOP/System_Control/current_state_reg[0]

  Ref  DFF        REF:/WORK/SYS_TOP/System_Control/current_state_reg[1]
  Impl DFF        Imp:/WORK/SYS_TOP/System_Control/current_state_reg[1]

  Ref  DFF        REF:/WORK/SYS_TOP/System_Control/current_state_reg[2]
  Impl DFF        Imp:/WORK/SYS_TOP/System_Control/current_state_reg[2]

  Ref  DFF        REF:/WORK/SYS_TOP/System_Control/current_state_reg[3]
  Impl DFF        Imp:/WORK/SYS_TOP/System_Control/current_state_reg[3]

  Ref  DFF        REF:/WORK/SYS_TOP/TX_BUSY_GEN/PULSE_GEN_flipflop_reg
  Impl DFF        Imp:/WORK/SYS_TOP/TX_BUSY_GEN/PULSE_GEN_flipflop_reg

  Ref  DFF        REF:/WORK/SYS_TOP/U0_RegFile/RdData_Vaild_reg
  Impl DFF        Imp:/WORK/SYS_TOP/U0_RegFile/RdData_Vaild_reg

  Ref  DFF        REF:/WORK/SYS_TOP/U0_RegFile/RdData_reg[0]
  Impl DFF        Imp:/WORK/SYS_TOP/U0_RegFile/RdData_reg[0]

  Ref  DFF        REF:/WORK/SYS_TOP/U0_RegFile/RdData_reg[1]
  Impl DFF        Imp:/WORK/SYS_TOP/U0_RegFile/RdData_reg[1]

  Ref  DFF        REF:/WORK/SYS_TOP/U0_RegFile/RdData_reg[2]
  Impl DFF        Imp:/WORK/SYS_TOP/U0_RegFile/RdData_reg[2]

  Ref  DFF        REF:/WORK/SYS_TOP/U0_RegFile/RdData_reg[3]
  Impl DFF        Imp:/WORK/SYS_TOP/U0_RegFile/RdData_reg[3]

  Ref  DFF        REF:/WORK/SYS_TOP/U0_RegFile/RdData_reg[4]
  Impl DFF        Imp:/WORK/SYS_TOP/U0_RegFile/RdData_reg[4]

  Ref  DFF        REF:/WORK/SYS_TOP/U0_RegFile/RdData_reg[5]
  Impl DFF        Imp:/WORK/SYS_TOP/U0_RegFile/RdData_reg[5]

  Ref  DFF        REF:/WORK/SYS_TOP/U0_RegFile/RdData_reg[6]
  Impl DFF        Imp:/WORK/SYS_TOP/U0_RegFile/RdData_reg[6]

  Ref  DFF        REF:/WORK/SYS_TOP/U0_RegFile/RdData_reg[7]
  Impl DFF        Imp:/WORK/SYS_TOP/U0_RegFile/RdData_reg[7]

  Ref  DFF        REF:/WORK/SYS_TOP/U0_RegFile/Register_reg[0][0]
  Impl DFF        Imp:/WORK/SYS_TOP/U0_RegFile/Register_reg[0][0]

  Ref  DFF        REF:/WORK/SYS_TOP/U0_RegFile/Register_reg[0][1]
  Impl DFF        Imp:/WORK/SYS_TOP/U0_RegFile/Register_reg[0][1]

  Ref  DFF        REF:/WORK/SYS_TOP/U0_RegFile/Register_reg[0][2]
  Impl DFF        Imp:/WORK/SYS_TOP/U0_RegFile/Register_reg[0][2]

  Ref  DFF        REF:/WORK/SYS_TOP/U0_RegFile/Register_reg[0][3]
  Impl DFF        Imp:/WORK/SYS_TOP/U0_RegFile/Register_reg[0][3]

  Ref  DFF        REF:/WORK/SYS_TOP/U0_RegFile/Register_reg[0][4]
  Impl DFF        Imp:/WORK/SYS_TOP/U0_RegFile/Register_reg[0][4]

  Ref  DFF        REF:/WORK/SYS_TOP/U0_RegFile/Register_reg[0][5]
  Impl DFF        Imp:/WORK/SYS_TOP/U0_RegFile/Register_reg[0][5]

  Ref  DFF        REF:/WORK/SYS_TOP/U0_RegFile/Register_reg[0][6]
  Impl DFF        Imp:/WORK/SYS_TOP/U0_RegFile/Register_reg[0][6]

  Ref  DFF        REF:/WORK/SYS_TOP/U0_RegFile/Register_reg[0][7]
  Impl DFF        Imp:/WORK/SYS_TOP/U0_RegFile/Register_reg[0][7]

  Ref  DFF        REF:/WORK/SYS_TOP/U0_RegFile/Register_reg[10][0]
  Impl DFF        Imp:/WORK/SYS_TOP/U0_RegFile/Register_reg[10][0]

  Ref  DFF        REF:/WORK/SYS_TOP/U0_RegFile/Register_reg[10][1]
  Impl DFF        Imp:/WORK/SYS_TOP/U0_RegFile/Register_reg[10][1]

  Ref  DFF        REF:/WORK/SYS_TOP/U0_RegFile/Register_reg[10][2]
  Impl DFF        Imp:/WORK/SYS_TOP/U0_RegFile/Register_reg[10][2]

  Ref  DFF        REF:/WORK/SYS_TOP/U0_RegFile/Register_reg[10][3]
  Impl DFF        Imp:/WORK/SYS_TOP/U0_RegFile/Register_reg[10][3]

  Ref  DFF        REF:/WORK/SYS_TOP/U0_RegFile/Register_reg[10][4]
  Impl DFF        Imp:/WORK/SYS_TOP/U0_RegFile/Register_reg[10][4]

  Ref  DFF        REF:/WORK/SYS_TOP/U0_RegFile/Register_reg[10][5]
  Impl DFF        Imp:/WORK/SYS_TOP/U0_RegFile/Register_reg[10][5]

  Ref  DFF        REF:/WORK/SYS_TOP/U0_RegFile/Register_reg[10][6]
  Impl DFF        Imp:/WORK/SYS_TOP/U0_RegFile/Register_reg[10][6]

  Ref  DFF        REF:/WORK/SYS_TOP/U0_RegFile/Register_reg[10][7]
  Impl DFF        Imp:/WORK/SYS_TOP/U0_RegFile/Register_reg[10][7]

  Ref  DFF        REF:/WORK/SYS_TOP/U0_RegFile/Register_reg[11][0]
  Impl DFF        Imp:/WORK/SYS_TOP/U0_RegFile/Register_reg[11][0]

  Ref  DFF        REF:/WORK/SYS_TOP/U0_RegFile/Register_reg[11][1]
  Impl DFF        Imp:/WORK/SYS_TOP/U0_RegFile/Register_reg[11][1]

  Ref  DFF        REF:/WORK/SYS_TOP/U0_RegFile/Register_reg[11][2]
  Impl DFF        Imp:/WORK/SYS_TOP/U0_RegFile/Register_reg[11][2]

  Ref  DFF        REF:/WORK/SYS_TOP/U0_RegFile/Register_reg[11][3]
  Impl DFF        Imp:/WORK/SYS_TOP/U0_RegFile/Register_reg[11][3]

  Ref  DFF        REF:/WORK/SYS_TOP/U0_RegFile/Register_reg[11][4]
  Impl DFF        Imp:/WORK/SYS_TOP/U0_RegFile/Register_reg[11][4]

  Ref  DFF        REF:/WORK/SYS_TOP/U0_RegFile/Register_reg[11][5]
  Impl DFF        Imp:/WORK/SYS_TOP/U0_RegFile/Register_reg[11][5]

  Ref  DFF        REF:/WORK/SYS_TOP/U0_RegFile/Register_reg[11][6]
  Impl DFF        Imp:/WORK/SYS_TOP/U0_RegFile/Register_reg[11][6]

  Ref  DFF        REF:/WORK/SYS_TOP/U0_RegFile/Register_reg[11][7]
  Impl DFF        Imp:/WORK/SYS_TOP/U0_RegFile/Register_reg[11][7]

  Ref  DFF        REF:/WORK/SYS_TOP/U0_RegFile/Register_reg[12][0]
  Impl DFF        Imp:/WORK/SYS_TOP/U0_RegFile/Register_reg[12][0]

  Ref  DFF        REF:/WORK/SYS_TOP/U0_RegFile/Register_reg[12][1]
  Impl DFF        Imp:/WORK/SYS_TOP/U0_RegFile/Register_reg[12][1]

  Ref  DFF        REF:/WORK/SYS_TOP/U0_RegFile/Register_reg[12][2]
  Impl DFF        Imp:/WORK/SYS_TOP/U0_RegFile/Register_reg[12][2]

  Ref  DFF        REF:/WORK/SYS_TOP/U0_RegFile/Register_reg[12][3]
  Impl DFF        Imp:/WORK/SYS_TOP/U0_RegFile/Register_reg[12][3]

  Ref  DFF        REF:/WORK/SYS_TOP/U0_RegFile/Register_reg[12][4]
  Impl DFF        Imp:/WORK/SYS_TOP/U0_RegFile/Register_reg[12][4]

  Ref  DFF        REF:/WORK/SYS_TOP/U0_RegFile/Register_reg[12][5]
  Impl DFF        Imp:/WORK/SYS_TOP/U0_RegFile/Register_reg[12][5]

  Ref  DFF        REF:/WORK/SYS_TOP/U0_RegFile/Register_reg[12][6]
  Impl DFF        Imp:/WORK/SYS_TOP/U0_RegFile/Register_reg[12][6]

  Ref  DFF        REF:/WORK/SYS_TOP/U0_RegFile/Register_reg[12][7]
  Impl DFF        Imp:/WORK/SYS_TOP/U0_RegFile/Register_reg[12][7]

  Ref  DFF        REF:/WORK/SYS_TOP/U0_RegFile/Register_reg[13][0]
  Impl DFF        Imp:/WORK/SYS_TOP/U0_RegFile/Register_reg[13][0]

  Ref  DFF        REF:/WORK/SYS_TOP/U0_RegFile/Register_reg[13][1]
  Impl DFF        Imp:/WORK/SYS_TOP/U0_RegFile/Register_reg[13][1]

  Ref  DFF        REF:/WORK/SYS_TOP/U0_RegFile/Register_reg[13][2]
  Impl DFF        Imp:/WORK/SYS_TOP/U0_RegFile/Register_reg[13][2]

  Ref  DFF        REF:/WORK/SYS_TOP/U0_RegFile/Register_reg[13][3]
  Impl DFF        Imp:/WORK/SYS_TOP/U0_RegFile/Register_reg[13][3]

  Ref  DFF        REF:/WORK/SYS_TOP/U0_RegFile/Register_reg[13][4]
  Impl DFF        Imp:/WORK/SYS_TOP/U0_RegFile/Register_reg[13][4]

  Ref  DFF        REF:/WORK/SYS_TOP/U0_RegFile/Register_reg[13][5]
  Impl DFF        Imp:/WORK/SYS_TOP/U0_RegFile/Register_reg[13][5]

  Ref  DFF        REF:/WORK/SYS_TOP/U0_RegFile/Register_reg[13][6]
  Impl DFF        Imp:/WORK/SYS_TOP/U0_RegFile/Register_reg[13][6]

  Ref  DFF        REF:/WORK/SYS_TOP/U0_RegFile/Register_reg[13][7]
  Impl DFF        Imp:/WORK/SYS_TOP/U0_RegFile/Register_reg[13][7]

  Ref  DFF        REF:/WORK/SYS_TOP/U0_RegFile/Register_reg[14][0]
  Impl DFF        Imp:/WORK/SYS_TOP/U0_RegFile/Register_reg[14][0]

  Ref  DFF        REF:/WORK/SYS_TOP/U0_RegFile/Register_reg[14][1]
  Impl DFF        Imp:/WORK/SYS_TOP/U0_RegFile/Register_reg[14][1]

  Ref  DFF        REF:/WORK/SYS_TOP/U0_RegFile/Register_reg[14][2]
  Impl DFF        Imp:/WORK/SYS_TOP/U0_RegFile/Register_reg[14][2]

  Ref  DFF        REF:/WORK/SYS_TOP/U0_RegFile/Register_reg[14][3]
  Impl DFF        Imp:/WORK/SYS_TOP/U0_RegFile/Register_reg[14][3]

  Ref  DFF        REF:/WORK/SYS_TOP/U0_RegFile/Register_reg[14][4]
  Impl DFF        Imp:/WORK/SYS_TOP/U0_RegFile/Register_reg[14][4]

  Ref  DFF        REF:/WORK/SYS_TOP/U0_RegFile/Register_reg[14][5]
  Impl DFF        Imp:/WORK/SYS_TOP/U0_RegFile/Register_reg[14][5]

  Ref  DFF        REF:/WORK/SYS_TOP/U0_RegFile/Register_reg[14][6]
  Impl DFF        Imp:/WORK/SYS_TOP/U0_RegFile/Register_reg[14][6]

  Ref  DFF        REF:/WORK/SYS_TOP/U0_RegFile/Register_reg[14][7]
  Impl DFF        Imp:/WORK/SYS_TOP/U0_RegFile/Register_reg[14][7]

  Ref  DFF        REF:/WORK/SYS_TOP/U0_RegFile/Register_reg[15][0]
  Impl DFF        Imp:/WORK/SYS_TOP/U0_RegFile/Register_reg[15][0]

  Ref  DFF        REF:/WORK/SYS_TOP/U0_RegFile/Register_reg[15][1]
  Impl DFF        Imp:/WORK/SYS_TOP/U0_RegFile/Register_reg[15][1]

  Ref  DFF        REF:/WORK/SYS_TOP/U0_RegFile/Register_reg[15][2]
  Impl DFF        Imp:/WORK/SYS_TOP/U0_RegFile/Register_reg[15][2]

  Ref  DFF        REF:/WORK/SYS_TOP/U0_RegFile/Register_reg[15][3]
  Impl DFF        Imp:/WORK/SYS_TOP/U0_RegFile/Register_reg[15][3]

  Ref  DFF        REF:/WORK/SYS_TOP/U0_RegFile/Register_reg[15][4]
  Impl DFF        Imp:/WORK/SYS_TOP/U0_RegFile/Register_reg[15][4]

  Ref  DFF        REF:/WORK/SYS_TOP/U0_RegFile/Register_reg[15][5]
  Impl DFF        Imp:/WORK/SYS_TOP/U0_RegFile/Register_reg[15][5]

  Ref  DFF        REF:/WORK/SYS_TOP/U0_RegFile/Register_reg[15][6]
  Impl DFF        Imp:/WORK/SYS_TOP/U0_RegFile/Register_reg[15][6]

  Ref  DFF        REF:/WORK/SYS_TOP/U0_RegFile/Register_reg[15][7]
  Impl DFF        Imp:/WORK/SYS_TOP/U0_RegFile/Register_reg[15][7]

  Ref  DFF        REF:/WORK/SYS_TOP/U0_RegFile/Register_reg[1][0]
  Impl DFF        Imp:/WORK/SYS_TOP/U0_RegFile/Register_reg[1][0]

  Ref  DFF        REF:/WORK/SYS_TOP/U0_RegFile/Register_reg[1][1]
  Impl DFF        Imp:/WORK/SYS_TOP/U0_RegFile/Register_reg[1][1]

  Ref  DFF        REF:/WORK/SYS_TOP/U0_RegFile/Register_reg[1][2]
  Impl DFF        Imp:/WORK/SYS_TOP/U0_RegFile/Register_reg[1][2]

  Ref  DFF        REF:/WORK/SYS_TOP/U0_RegFile/Register_reg[1][3]
  Impl DFF        Imp:/WORK/SYS_TOP/U0_RegFile/Register_reg[1][3]

  Ref  DFF        REF:/WORK/SYS_TOP/U0_RegFile/Register_reg[1][4]
  Impl DFF        Imp:/WORK/SYS_TOP/U0_RegFile/Register_reg[1][4]

  Ref  DFF        REF:/WORK/SYS_TOP/U0_RegFile/Register_reg[1][5]
  Impl DFF        Imp:/WORK/SYS_TOP/U0_RegFile/Register_reg[1][5]

  Ref  DFF        REF:/WORK/SYS_TOP/U0_RegFile/Register_reg[1][6]
  Impl DFF        Imp:/WORK/SYS_TOP/U0_RegFile/Register_reg[1][6]

  Ref  DFF        REF:/WORK/SYS_TOP/U0_RegFile/Register_reg[1][7]
  Impl DFF        Imp:/WORK/SYS_TOP/U0_RegFile/Register_reg[1][7]

  Ref  DFF        REF:/WORK/SYS_TOP/U0_RegFile/Register_reg[2][0]
  Impl DFF        Imp:/WORK/SYS_TOP/U0_RegFile/Register_reg[2][0]

  Ref  DFF        REF:/WORK/SYS_TOP/U0_RegFile/Register_reg[2][1]
  Impl DFF        Imp:/WORK/SYS_TOP/U0_RegFile/Register_reg[2][1]

  Ref  DFF        REF:/WORK/SYS_TOP/U0_RegFile/Register_reg[2][2]
  Impl DFF        Imp:/WORK/SYS_TOP/U0_RegFile/Register_reg[2][2]

  Ref  DFF        REF:/WORK/SYS_TOP/U0_RegFile/Register_reg[2][3]
  Impl DFF        Imp:/WORK/SYS_TOP/U0_RegFile/Register_reg[2][3]

  Ref  DFF        REF:/WORK/SYS_TOP/U0_RegFile/Register_reg[2][4]
  Impl DFF        Imp:/WORK/SYS_TOP/U0_RegFile/Register_reg[2][4]

  Ref  DFF        REF:/WORK/SYS_TOP/U0_RegFile/Register_reg[2][5]
  Impl DFF        Imp:/WORK/SYS_TOP/U0_RegFile/Register_reg[2][5]

  Ref  DFF        REF:/WORK/SYS_TOP/U0_RegFile/Register_reg[2][6]
  Impl DFF        Imp:/WORK/SYS_TOP/U0_RegFile/Register_reg[2][6]

  Ref  DFF        REF:/WORK/SYS_TOP/U0_RegFile/Register_reg[2][7]
  Impl DFF        Imp:/WORK/SYS_TOP/U0_RegFile/Register_reg[2][7]

  Ref  DFF        REF:/WORK/SYS_TOP/U0_RegFile/Register_reg[3][0]
  Impl DFF        Imp:/WORK/SYS_TOP/U0_RegFile/Register_reg[3][0]

  Ref  DFF        REF:/WORK/SYS_TOP/U0_RegFile/Register_reg[3][1]
  Impl DFF        Imp:/WORK/SYS_TOP/U0_RegFile/Register_reg[3][1]

  Ref  DFF        REF:/WORK/SYS_TOP/U0_RegFile/Register_reg[3][2]
  Impl DFF        Imp:/WORK/SYS_TOP/U0_RegFile/Register_reg[3][2]

  Ref  DFF        REF:/WORK/SYS_TOP/U0_RegFile/Register_reg[3][3]
  Impl DFF        Imp:/WORK/SYS_TOP/U0_RegFile/Register_reg[3][3]

  Ref  DFF        REF:/WORK/SYS_TOP/U0_RegFile/Register_reg[3][4]
  Impl DFF        Imp:/WORK/SYS_TOP/U0_RegFile/Register_reg[3][4]

  Ref  DFF        REF:/WORK/SYS_TOP/U0_RegFile/Register_reg[3][5]
  Impl DFF        Imp:/WORK/SYS_TOP/U0_RegFile/Register_reg[3][5]

  Ref  DFF        REF:/WORK/SYS_TOP/U0_RegFile/Register_reg[3][6]
  Impl DFF        Imp:/WORK/SYS_TOP/U0_RegFile/Register_reg[3][6]

  Ref  DFF        REF:/WORK/SYS_TOP/U0_RegFile/Register_reg[3][7]
  Impl DFF        Imp:/WORK/SYS_TOP/U0_RegFile/Register_reg[3][7]

  Ref  DFF        REF:/WORK/SYS_TOP/U0_RegFile/Register_reg[4][0]
  Impl DFF        Imp:/WORK/SYS_TOP/U0_RegFile/Register_reg[4][0]

  Ref  DFF        REF:/WORK/SYS_TOP/U0_RegFile/Register_reg[4][1]
  Impl DFF        Imp:/WORK/SYS_TOP/U0_RegFile/Register_reg[4][1]

  Ref  DFF        REF:/WORK/SYS_TOP/U0_RegFile/Register_reg[4][2]
  Impl DFF        Imp:/WORK/SYS_TOP/U0_RegFile/Register_reg[4][2]

  Ref  DFF        REF:/WORK/SYS_TOP/U0_RegFile/Register_reg[4][3]
  Impl DFF        Imp:/WORK/SYS_TOP/U0_RegFile/Register_reg[4][3]

  Ref  DFF        REF:/WORK/SYS_TOP/U0_RegFile/Register_reg[4][4]
  Impl DFF        Imp:/WORK/SYS_TOP/U0_RegFile/Register_reg[4][4]

  Ref  DFF        REF:/WORK/SYS_TOP/U0_RegFile/Register_reg[4][5]
  Impl DFF        Imp:/WORK/SYS_TOP/U0_RegFile/Register_reg[4][5]

  Ref  DFF        REF:/WORK/SYS_TOP/U0_RegFile/Register_reg[4][6]
  Impl DFF        Imp:/WORK/SYS_TOP/U0_RegFile/Register_reg[4][6]

  Ref  DFF        REF:/WORK/SYS_TOP/U0_RegFile/Register_reg[4][7]
  Impl DFF        Imp:/WORK/SYS_TOP/U0_RegFile/Register_reg[4][7]

  Ref  DFF        REF:/WORK/SYS_TOP/U0_RegFile/Register_reg[5][0]
  Impl DFF        Imp:/WORK/SYS_TOP/U0_RegFile/Register_reg[5][0]

  Ref  DFF        REF:/WORK/SYS_TOP/U0_RegFile/Register_reg[5][1]
  Impl DFF        Imp:/WORK/SYS_TOP/U0_RegFile/Register_reg[5][1]

  Ref  DFF        REF:/WORK/SYS_TOP/U0_RegFile/Register_reg[5][2]
  Impl DFF        Imp:/WORK/SYS_TOP/U0_RegFile/Register_reg[5][2]

  Ref  DFF        REF:/WORK/SYS_TOP/U0_RegFile/Register_reg[5][3]
  Impl DFF        Imp:/WORK/SYS_TOP/U0_RegFile/Register_reg[5][3]

  Ref  DFF        REF:/WORK/SYS_TOP/U0_RegFile/Register_reg[5][4]
  Impl DFF        Imp:/WORK/SYS_TOP/U0_RegFile/Register_reg[5][4]

  Ref  DFF        REF:/WORK/SYS_TOP/U0_RegFile/Register_reg[5][5]
  Impl DFF        Imp:/WORK/SYS_TOP/U0_RegFile/Register_reg[5][5]

  Ref  DFF        REF:/WORK/SYS_TOP/U0_RegFile/Register_reg[5][6]
  Impl DFF        Imp:/WORK/SYS_TOP/U0_RegFile/Register_reg[5][6]

  Ref  DFF        REF:/WORK/SYS_TOP/U0_RegFile/Register_reg[5][7]
  Impl DFF        Imp:/WORK/SYS_TOP/U0_RegFile/Register_reg[5][7]

  Ref  DFF        REF:/WORK/SYS_TOP/U0_RegFile/Register_reg[6][0]
  Impl DFF        Imp:/WORK/SYS_TOP/U0_RegFile/Register_reg[6][0]

  Ref  DFF        REF:/WORK/SYS_TOP/U0_RegFile/Register_reg[6][1]
  Impl DFF        Imp:/WORK/SYS_TOP/U0_RegFile/Register_reg[6][1]

  Ref  DFF        REF:/WORK/SYS_TOP/U0_RegFile/Register_reg[6][2]
  Impl DFF        Imp:/WORK/SYS_TOP/U0_RegFile/Register_reg[6][2]

  Ref  DFF        REF:/WORK/SYS_TOP/U0_RegFile/Register_reg[6][3]
  Impl DFF        Imp:/WORK/SYS_TOP/U0_RegFile/Register_reg[6][3]

  Ref  DFF        REF:/WORK/SYS_TOP/U0_RegFile/Register_reg[6][4]
  Impl DFF        Imp:/WORK/SYS_TOP/U0_RegFile/Register_reg[6][4]

  Ref  DFF        REF:/WORK/SYS_TOP/U0_RegFile/Register_reg[6][5]
  Impl DFF        Imp:/WORK/SYS_TOP/U0_RegFile/Register_reg[6][5]

  Ref  DFF        REF:/WORK/SYS_TOP/U0_RegFile/Register_reg[6][6]
  Impl DFF        Imp:/WORK/SYS_TOP/U0_RegFile/Register_reg[6][6]

  Ref  DFF        REF:/WORK/SYS_TOP/U0_RegFile/Register_reg[6][7]
  Impl DFF        Imp:/WORK/SYS_TOP/U0_RegFile/Register_reg[6][7]

  Ref  DFF        REF:/WORK/SYS_TOP/U0_RegFile/Register_reg[7][0]
  Impl DFF        Imp:/WORK/SYS_TOP/U0_RegFile/Register_reg[7][0]

  Ref  DFF        REF:/WORK/SYS_TOP/U0_RegFile/Register_reg[7][1]
  Impl DFF        Imp:/WORK/SYS_TOP/U0_RegFile/Register_reg[7][1]

  Ref  DFF        REF:/WORK/SYS_TOP/U0_RegFile/Register_reg[7][2]
  Impl DFF        Imp:/WORK/SYS_TOP/U0_RegFile/Register_reg[7][2]

  Ref  DFF        REF:/WORK/SYS_TOP/U0_RegFile/Register_reg[7][3]
  Impl DFF        Imp:/WORK/SYS_TOP/U0_RegFile/Register_reg[7][3]

  Ref  DFF        REF:/WORK/SYS_TOP/U0_RegFile/Register_reg[7][4]
  Impl DFF        Imp:/WORK/SYS_TOP/U0_RegFile/Register_reg[7][4]

  Ref  DFF        REF:/WORK/SYS_TOP/U0_RegFile/Register_reg[7][5]
  Impl DFF        Imp:/WORK/SYS_TOP/U0_RegFile/Register_reg[7][5]

  Ref  DFF        REF:/WORK/SYS_TOP/U0_RegFile/Register_reg[7][6]
  Impl DFF        Imp:/WORK/SYS_TOP/U0_RegFile/Register_reg[7][6]

  Ref  DFF        REF:/WORK/SYS_TOP/U0_RegFile/Register_reg[7][7]
  Impl DFF        Imp:/WORK/SYS_TOP/U0_RegFile/Register_reg[7][7]

  Ref  DFF        REF:/WORK/SYS_TOP/U0_RegFile/Register_reg[8][0]
  Impl DFF        Imp:/WORK/SYS_TOP/U0_RegFile/Register_reg[8][0]

  Ref  DFF        REF:/WORK/SYS_TOP/U0_RegFile/Register_reg[8][1]
  Impl DFF        Imp:/WORK/SYS_TOP/U0_RegFile/Register_reg[8][1]

  Ref  DFF        REF:/WORK/SYS_TOP/U0_RegFile/Register_reg[8][2]
  Impl DFF        Imp:/WORK/SYS_TOP/U0_RegFile/Register_reg[8][2]

  Ref  DFF        REF:/WORK/SYS_TOP/U0_RegFile/Register_reg[8][3]
  Impl DFF        Imp:/WORK/SYS_TOP/U0_RegFile/Register_reg[8][3]

  Ref  DFF        REF:/WORK/SYS_TOP/U0_RegFile/Register_reg[8][4]
  Impl DFF        Imp:/WORK/SYS_TOP/U0_RegFile/Register_reg[8][4]

  Ref  DFF        REF:/WORK/SYS_TOP/U0_RegFile/Register_reg[8][5]
  Impl DFF        Imp:/WORK/SYS_TOP/U0_RegFile/Register_reg[8][5]

  Ref  DFF        REF:/WORK/SYS_TOP/U0_RegFile/Register_reg[8][6]
  Impl DFF        Imp:/WORK/SYS_TOP/U0_RegFile/Register_reg[8][6]

  Ref  DFF        REF:/WORK/SYS_TOP/U0_RegFile/Register_reg[8][7]
  Impl DFF        Imp:/WORK/SYS_TOP/U0_RegFile/Register_reg[8][7]

  Ref  DFF        REF:/WORK/SYS_TOP/U0_RegFile/Register_reg[9][0]
  Impl DFF        Imp:/WORK/SYS_TOP/U0_RegFile/Register_reg[9][0]

  Ref  DFF        REF:/WORK/SYS_TOP/U0_RegFile/Register_reg[9][1]
  Impl DFF        Imp:/WORK/SYS_TOP/U0_RegFile/Register_reg[9][1]

  Ref  DFF        REF:/WORK/SYS_TOP/U0_RegFile/Register_reg[9][2]
  Impl DFF        Imp:/WORK/SYS_TOP/U0_RegFile/Register_reg[9][2]

  Ref  DFF        REF:/WORK/SYS_TOP/U0_RegFile/Register_reg[9][3]
  Impl DFF        Imp:/WORK/SYS_TOP/U0_RegFile/Register_reg[9][3]

  Ref  DFF        REF:/WORK/SYS_TOP/U0_RegFile/Register_reg[9][4]
  Impl DFF        Imp:/WORK/SYS_TOP/U0_RegFile/Register_reg[9][4]

  Ref  DFF        REF:/WORK/SYS_TOP/U0_RegFile/Register_reg[9][5]
  Impl DFF        Imp:/WORK/SYS_TOP/U0_RegFile/Register_reg[9][5]

  Ref  DFF        REF:/WORK/SYS_TOP/U0_RegFile/Register_reg[9][6]
  Impl DFF        Imp:/WORK/SYS_TOP/U0_RegFile/Register_reg[9][6]

  Ref  DFF        REF:/WORK/SYS_TOP/U0_RegFile/Register_reg[9][7]
  Impl DFF        Imp:/WORK/SYS_TOP/U0_RegFile/Register_reg[9][7]

  Ref  DFF        REF:/WORK/SYS_TOP/U0_UART/UART_RX/UART_Config_block/Edge_counter_reg[0]
  Impl DFF        Imp:/WORK/SYS_TOP/U0_UART/UART_RX/UART_Config_block/Edge_counter_reg[0]

  Ref  DFF        REF:/WORK/SYS_TOP/U0_UART/UART_RX/UART_Config_block/Edge_counter_reg[1]
  Impl DFF        Imp:/WORK/SYS_TOP/U0_UART/UART_RX/UART_Config_block/Edge_counter_reg[1]

  Ref  DFF        REF:/WORK/SYS_TOP/U0_UART/UART_RX/UART_Config_block/Edge_counter_reg[2]
  Impl DFF        Imp:/WORK/SYS_TOP/U0_UART/UART_RX/UART_Config_block/Edge_counter_reg[2]

  Ref  DFF        REF:/WORK/SYS_TOP/U0_UART/UART_RX/UART_Config_block/Edge_counter_reg[3]
  Impl DFF        Imp:/WORK/SYS_TOP/U0_UART/UART_RX/UART_Config_block/Edge_counter_reg[3]

  Ref  DFF        REF:/WORK/SYS_TOP/U0_UART/UART_RX/UART_Config_block/Edge_counter_reg[4]
  Impl DFF        Imp:/WORK/SYS_TOP/U0_UART/UART_RX/UART_Config_block/Edge_counter_reg[4]

  Ref  DFF        REF:/WORK/SYS_TOP/U0_UART/UART_RX/UART_Config_block/Edge_counter_reg[5]
  Impl DFF        Imp:/WORK/SYS_TOP/U0_UART/UART_RX/UART_Config_block/Edge_counter_reg[5]

  Ref  DFF        REF:/WORK/SYS_TOP/U0_UART/UART_RX/UART_Config_block/Edge_counter_reg[6]
  Impl DFF        Imp:/WORK/SYS_TOP/U0_UART/UART_RX/UART_Config_block/Edge_counter_reg[6]

  Ref  DFF        REF:/WORK/SYS_TOP/U0_UART/UART_RX/UART_Config_block/Edge_counter_reg[7]
  Impl DFF        Imp:/WORK/SYS_TOP/U0_UART/UART_RX/UART_Config_block/Edge_counter_reg[7]

  Ref  DFF        REF:/WORK/SYS_TOP/U0_UART/UART_RX/UART_Config_block/SAMPLE_CMD_reg
  Impl DFF        Imp:/WORK/SYS_TOP/U0_UART/UART_RX/UART_Config_block/SAMPLE_CMD_reg

  Ref  DFF        REF:/WORK/SYS_TOP/U0_UART/UART_RX/UART_Config_block/parity_enable_reg
  Impl DFF        Imp:/WORK/SYS_TOP/U0_UART/UART_RX/UART_Config_block/parity_enable_reg

  Ref  DFF        REF:/WORK/SYS_TOP/U0_UART/UART_RX/UART_Config_block/sampler_enable_reg
  Impl DFF        Imp:/WORK/SYS_TOP/U0_UART/UART_RX/UART_Config_block/sampler_enable_reg

  Ref  DFF        REF:/WORK/SYS_TOP/U0_UART/UART_RX/UART_Config_block/start_enable_reg
  Impl DFF        Imp:/WORK/SYS_TOP/U0_UART/UART_RX/UART_Config_block/start_enable_reg

  Ref  DFF        REF:/WORK/SYS_TOP/U0_UART/UART_RX/UART_Config_block/stop_enable_reg
  Impl DFF        Imp:/WORK/SYS_TOP/U0_UART/UART_RX/UART_Config_block/stop_enable_reg

  Ref  DFF        REF:/WORK/SYS_TOP/U0_UART/UART_RX/UART_FSM_Controller/BIT_COUNT_reg_reg[0]
  Impl DFF        Imp:/WORK/SYS_TOP/U0_UART/UART_RX/UART_FSM_Controller/BIT_COUNT_reg_reg[0]

  Ref  DFF        REF:/WORK/SYS_TOP/U0_UART/UART_RX/UART_FSM_Controller/BIT_COUNT_reg_reg[1]
  Impl DFF        Imp:/WORK/SYS_TOP/U0_UART/UART_RX/UART_FSM_Controller/BIT_COUNT_reg_reg[1]

  Ref  DFF        REF:/WORK/SYS_TOP/U0_UART/UART_RX/UART_FSM_Controller/BIT_COUNT_reg_reg[2]
  Impl DFF        Imp:/WORK/SYS_TOP/U0_UART/UART_RX/UART_FSM_Controller/BIT_COUNT_reg_reg[2]

  Ref  DFF        REF:/WORK/SYS_TOP/U0_UART/UART_RX/UART_FSM_Controller/BIT_COUNT_reg_reg[3]
  Impl DFF        Imp:/WORK/SYS_TOP/U0_UART/UART_RX/UART_FSM_Controller/BIT_COUNT_reg_reg[3]

  Ref  DFF        REF:/WORK/SYS_TOP/U0_UART/UART_RX/UART_FSM_Controller/current_state_reg[0]
  Impl DFF        Imp:/WORK/SYS_TOP/U0_UART/UART_RX/UART_FSM_Controller/current_state_reg[0]

  Ref  DFF        REF:/WORK/SYS_TOP/U0_UART/UART_RX/UART_FSM_Controller/current_state_reg[1]
  Impl DFF        Imp:/WORK/SYS_TOP/U0_UART/UART_RX/UART_FSM_Controller/current_state_reg[1]

  Ref  DFF        REF:/WORK/SYS_TOP/U0_UART/UART_RX/UART_FSM_Controller/current_state_reg[2]
  Impl DFF        Imp:/WORK/SYS_TOP/U0_UART/UART_RX/UART_FSM_Controller/current_state_reg[2]

  Ref  DFF        REF:/WORK/SYS_TOP/U0_UART/UART_RX/UART_Sampler/Data_Storage_reg[0]
  Impl DFF        Imp:/WORK/SYS_TOP/U0_UART/UART_RX/UART_Sampler/Data_Storage_reg[0]

  Ref  DFF        REF:/WORK/SYS_TOP/U0_UART/UART_RX/UART_Sampler/Data_Storage_reg[1]
  Impl DFF        Imp:/WORK/SYS_TOP/U0_UART/UART_RX/UART_Sampler/Data_Storage_reg[1]

  Ref  DFF        REF:/WORK/SYS_TOP/U0_UART/UART_RX/UART_Sampler/Data_Storage_reg[2]
  Impl DFF        Imp:/WORK/SYS_TOP/U0_UART/UART_RX/UART_Sampler/Data_Storage_reg[2]

  Ref  DFF        REF:/WORK/SYS_TOP/U0_UART/UART_RX/UART_Sampling_Register/sampled_data_register_reg[0]
  Impl DFF        Imp:/WORK/SYS_TOP/U0_UART/UART_RX/UART_Sampling_Register/sampled_data_register_reg[0]

  Ref  DFF        REF:/WORK/SYS_TOP/U0_UART/UART_RX/UART_Sampling_Register/sampled_data_register_reg[10]
  Impl DFF        Imp:/WORK/SYS_TOP/U0_UART/UART_RX/UART_Sampling_Register/sampled_data_register_reg[10]

  Ref  DFF        REF:/WORK/SYS_TOP/U0_UART/UART_RX/UART_Sampling_Register/sampled_data_register_reg[1]
  Impl DFF        Imp:/WORK/SYS_TOP/U0_UART/UART_RX/UART_Sampling_Register/sampled_data_register_reg[1]

  Ref  DFF        REF:/WORK/SYS_TOP/U0_UART/UART_RX/UART_Sampling_Register/sampled_data_register_reg[2]
  Impl DFF        Imp:/WORK/SYS_TOP/U0_UART/UART_RX/UART_Sampling_Register/sampled_data_register_reg[2]

  Ref  DFF        REF:/WORK/SYS_TOP/U0_UART/UART_RX/UART_Sampling_Register/sampled_data_register_reg[3]
  Impl DFF        Imp:/WORK/SYS_TOP/U0_UART/UART_RX/UART_Sampling_Register/sampled_data_register_reg[3]

  Ref  DFF        REF:/WORK/SYS_TOP/U0_UART/UART_RX/UART_Sampling_Register/sampled_data_register_reg[4]
  Impl DFF        Imp:/WORK/SYS_TOP/U0_UART/UART_RX/UART_Sampling_Register/sampled_data_register_reg[4]

  Ref  DFF        REF:/WORK/SYS_TOP/U0_UART/UART_RX/UART_Sampling_Register/sampled_data_register_reg[5]
  Impl DFF        Imp:/WORK/SYS_TOP/U0_UART/UART_RX/UART_Sampling_Register/sampled_data_register_reg[5]

  Ref  DFF        REF:/WORK/SYS_TOP/U0_UART/UART_RX/UART_Sampling_Register/sampled_data_register_reg[6]
  Impl DFF        Imp:/WORK/SYS_TOP/U0_UART/UART_RX/UART_Sampling_Register/sampled_data_register_reg[6]

  Ref  DFF        REF:/WORK/SYS_TOP/U0_UART/UART_RX/UART_Sampling_Register/sampled_data_register_reg[7]
  Impl DFF        Imp:/WORK/SYS_TOP/U0_UART/UART_RX/UART_Sampling_Register/sampled_data_register_reg[7]

  Ref  DFF        REF:/WORK/SYS_TOP/U0_UART/UART_RX/UART_Sampling_Register/sampled_data_register_reg[8]
  Impl DFF        Imp:/WORK/SYS_TOP/U0_UART/UART_RX/UART_Sampling_Register/sampled_data_register_reg[8]

  Ref  DFF        REF:/WORK/SYS_TOP/U0_UART/UART_RX/UART_Sampling_Register/sampled_data_register_reg[9]
  Impl DFF        Imp:/WORK/SYS_TOP/U0_UART/UART_RX/UART_Sampling_Register/sampled_data_register_reg[9]

  Ref  DFF        REF:/WORK/SYS_TOP/U0_UART/UART_TX/FSM_control_block/current_state_reg[0]
  Impl DFF        Imp:/WORK/SYS_TOP/U0_UART/UART_TX/FSM_control_block/current_state_reg[0]

  Ref  DFF        REF:/WORK/SYS_TOP/U0_UART/UART_TX/FSM_control_block/current_state_reg[1]
  Impl DFF        Imp:/WORK/SYS_TOP/U0_UART/UART_TX/FSM_control_block/current_state_reg[1]

  Ref  DFF        REF:/WORK/SYS_TOP/U0_UART/UART_TX/FSM_control_block/current_state_reg[2]
  Impl DFF        Imp:/WORK/SYS_TOP/U0_UART/UART_TX/FSM_control_block/current_state_reg[2]

  Ref  DFF        REF:/WORK/SYS_TOP/U0_UART/UART_TX/parity_block/internal_reg_reg[0]
  Impl DFF        Imp:/WORK/SYS_TOP/U0_UART/UART_TX/parity_block/internal_reg_reg[0]

  Ref  DFF        REF:/WORK/SYS_TOP/U0_UART/UART_TX/parity_block/internal_reg_reg[1]
  Impl DFF        Imp:/WORK/SYS_TOP/U0_UART/UART_TX/parity_block/internal_reg_reg[1]

  Ref  DFF        REF:/WORK/SYS_TOP/U0_UART/UART_TX/parity_block/internal_reg_reg[2]
  Impl DFF        Imp:/WORK/SYS_TOP/U0_UART/UART_TX/parity_block/internal_reg_reg[2]

  Ref  DFF        REF:/WORK/SYS_TOP/U0_UART/UART_TX/parity_block/internal_reg_reg[3]
  Impl DFF        Imp:/WORK/SYS_TOP/U0_UART/UART_TX/parity_block/internal_reg_reg[3]

  Ref  DFF        REF:/WORK/SYS_TOP/U0_UART/UART_TX/parity_block/internal_reg_reg[4]
  Impl DFF        Imp:/WORK/SYS_TOP/U0_UART/UART_TX/parity_block/internal_reg_reg[4]

  Ref  DFF        REF:/WORK/SYS_TOP/U0_UART/UART_TX/parity_block/internal_reg_reg[5]
  Impl DFF        Imp:/WORK/SYS_TOP/U0_UART/UART_TX/parity_block/internal_reg_reg[5]

  Ref  DFF        REF:/WORK/SYS_TOP/U0_UART/UART_TX/parity_block/internal_reg_reg[6]
  Impl DFF        Imp:/WORK/SYS_TOP/U0_UART/UART_TX/parity_block/internal_reg_reg[6]

  Ref  DFF        REF:/WORK/SYS_TOP/U0_UART/UART_TX/parity_block/internal_reg_reg[7]
  Impl DFF        Imp:/WORK/SYS_TOP/U0_UART/UART_TX/parity_block/internal_reg_reg[7]

  Ref  DFF        REF:/WORK/SYS_TOP/U0_UART/UART_TX/ser_block/Counter_reg[0]
  Impl DFF        Imp:/WORK/SYS_TOP/U0_UART/UART_TX/ser_block/Counter_reg[0]

  Ref  DFF        REF:/WORK/SYS_TOP/U0_UART/UART_TX/ser_block/Counter_reg[1]
  Impl DFF        Imp:/WORK/SYS_TOP/U0_UART/UART_TX/ser_block/Counter_reg[1]

  Ref  DFF        REF:/WORK/SYS_TOP/U0_UART/UART_TX/ser_block/Counter_reg[2]
  Impl DFF        Imp:/WORK/SYS_TOP/U0_UART/UART_TX/ser_block/Counter_reg[2]

  Ref  DFF        REF:/WORK/SYS_TOP/U0_UART/UART_TX/ser_block/Counter_reg[3]
  Impl DFF        Imp:/WORK/SYS_TOP/U0_UART/UART_TX/ser_block/Counter_reg[3]

  Ref  DFF        REF:/WORK/SYS_TOP/U0_UART/UART_TX/ser_block/Counter_reg[4]
  Impl DFF        Imp:/WORK/SYS_TOP/U0_UART/UART_TX/ser_block/Counter_reg[4]

  Ref  DFF        REF:/WORK/SYS_TOP/U0_UART/UART_TX/ser_block/Counter_reg[5]
  Impl DFF        Imp:/WORK/SYS_TOP/U0_UART/UART_TX/ser_block/Counter_reg[5]

  Ref  DFF        REF:/WORK/SYS_TOP/U0_UART/UART_TX/ser_block/Counter_reg[6]
  Impl DFF        Imp:/WORK/SYS_TOP/U0_UART/UART_TX/ser_block/Counter_reg[6]

  Ref  DFF        REF:/WORK/SYS_TOP/U0_UART/UART_TX/ser_block/Counter_reg[7]
  Impl DFF        Imp:/WORK/SYS_TOP/U0_UART/UART_TX/ser_block/Counter_reg[7]

  Ref  DFF        REF:/WORK/SYS_TOP/U0_UART/UART_TX/ser_block/data_reg_reg[0]
  Impl DFF        Imp:/WORK/SYS_TOP/U0_UART/UART_TX/ser_block/data_reg_reg[0]

  Ref  DFF        REF:/WORK/SYS_TOP/U0_UART/UART_TX/ser_block/data_reg_reg[1]
  Impl DFF        Imp:/WORK/SYS_TOP/U0_UART/UART_TX/ser_block/data_reg_reg[1]

  Ref  DFF        REF:/WORK/SYS_TOP/U0_UART/UART_TX/ser_block/data_reg_reg[2]
  Impl DFF        Imp:/WORK/SYS_TOP/U0_UART/UART_TX/ser_block/data_reg_reg[2]

  Ref  DFF        REF:/WORK/SYS_TOP/U0_UART/UART_TX/ser_block/data_reg_reg[3]
  Impl DFF        Imp:/WORK/SYS_TOP/U0_UART/UART_TX/ser_block/data_reg_reg[3]

  Ref  DFF        REF:/WORK/SYS_TOP/U0_UART/UART_TX/ser_block/data_reg_reg[4]
  Impl DFF        Imp:/WORK/SYS_TOP/U0_UART/UART_TX/ser_block/data_reg_reg[4]

  Ref  DFF        REF:/WORK/SYS_TOP/U0_UART/UART_TX/ser_block/data_reg_reg[5]
  Impl DFF        Imp:/WORK/SYS_TOP/U0_UART/UART_TX/ser_block/data_reg_reg[5]

  Ref  DFF        REF:/WORK/SYS_TOP/U0_UART/UART_TX/ser_block/data_reg_reg[6]
  Impl DFF        Imp:/WORK/SYS_TOP/U0_UART/UART_TX/ser_block/data_reg_reg[6]

  Ref  DFF        REF:/WORK/SYS_TOP/U0_UART/UART_TX/ser_block/data_reg_reg[7]
  Impl DFF        Imp:/WORK/SYS_TOP/U0_UART/UART_TX/ser_block/data_reg_reg[7]

  Ref  DFF        REF:/WORK/SYS_TOP/U0_UART/UART_TX/ser_block/serial_out_reg
  Impl DFF        Imp:/WORK/SYS_TOP/U0_UART/UART_TX/ser_block/serial_out_reg

  Ref  DFF        REF:/WORK/SYS_TOP/UART_RX_Clock_Divider/edge_count_reg[0]
  Impl DFF        Imp:/WORK/SYS_TOP/UART_RX_Clock_Divider/edge_count_reg[0]

  Ref  DFF        REF:/WORK/SYS_TOP/UART_RX_Clock_Divider/edge_count_reg[1]
  Impl DFF        Imp:/WORK/SYS_TOP/UART_RX_Clock_Divider/edge_count_reg[1]

  Ref  DFF        REF:/WORK/SYS_TOP/UART_RX_Clock_Divider/edge_count_reg[2]
  Impl DFF        Imp:/WORK/SYS_TOP/UART_RX_Clock_Divider/edge_count_reg[2]

  Ref  DFF        REF:/WORK/SYS_TOP/UART_RX_Clock_Divider/edge_count_reg[3]
  Impl DFF        Imp:/WORK/SYS_TOP/UART_RX_Clock_Divider/edge_count_reg[3]

  Ref  DFF        REF:/WORK/SYS_TOP/UART_RX_Clock_Divider/edge_count_reg[4]
  Impl DFF        Imp:/WORK/SYS_TOP/UART_RX_Clock_Divider/edge_count_reg[4]

  Ref  DFF        REF:/WORK/SYS_TOP/UART_RX_Clock_Divider/edge_count_reg[5]
  Impl DFF        Imp:/WORK/SYS_TOP/UART_RX_Clock_Divider/edge_count_reg[5]

  Ref  DFF        REF:/WORK/SYS_TOP/UART_RX_Clock_Divider/reg_div_clk_reg
  Impl DFF        Imp:/WORK/SYS_TOP/UART_RX_Clock_Divider/reg_div_clk_reg

  Ref  DFF        REF:/WORK/SYS_TOP/UART_RX_DATA_SYNC/enable_pulse_flipflop_reg
  Impl DFF        Imp:/WORK/SYS_TOP/UART_RX_DATA_SYNC/enable_pulse_flipflop_reg

  Ref  DFF        REF:/WORK/SYS_TOP/UART_RX_DATA_SYNC/sync_bus_enable_reg
  Impl DFF        Imp:/WORK/SYS_TOP/UART_RX_DATA_SYNC/sync_bus_enable_reg

  Ref  DFF        REF:/WORK/SYS_TOP/UART_RX_DATA_SYNC/sync_bus_register_reg[0]
  Impl DFF        Imp:/WORK/SYS_TOP/UART_RX_DATA_SYNC/sync_bus_register_reg[0]

  Ref  DFF        REF:/WORK/SYS_TOP/UART_RX_DATA_SYNC/sync_bus_register_reg[1]
  Impl DFF        Imp:/WORK/SYS_TOP/UART_RX_DATA_SYNC/sync_bus_register_reg[1]

  Ref  DFF        REF:/WORK/SYS_TOP/UART_RX_DATA_SYNC/sync_bus_register_reg[2]
  Impl DFF        Imp:/WORK/SYS_TOP/UART_RX_DATA_SYNC/sync_bus_register_reg[2]

  Ref  DFF        REF:/WORK/SYS_TOP/UART_RX_DATA_SYNC/sync_bus_register_reg[3]
  Impl DFF        Imp:/WORK/SYS_TOP/UART_RX_DATA_SYNC/sync_bus_register_reg[3]

  Ref  DFF        REF:/WORK/SYS_TOP/UART_RX_DATA_SYNC/sync_bus_register_reg[4]
  Impl DFF        Imp:/WORK/SYS_TOP/UART_RX_DATA_SYNC/sync_bus_register_reg[4]

  Ref  DFF        REF:/WORK/SYS_TOP/UART_RX_DATA_SYNC/sync_bus_register_reg[5]
  Impl DFF        Imp:/WORK/SYS_TOP/UART_RX_DATA_SYNC/sync_bus_register_reg[5]

  Ref  DFF        REF:/WORK/SYS_TOP/UART_RX_DATA_SYNC/sync_bus_register_reg[6]
  Impl DFF        Imp:/WORK/SYS_TOP/UART_RX_DATA_SYNC/sync_bus_register_reg[6]

  Ref  DFF        REF:/WORK/SYS_TOP/UART_RX_DATA_SYNC/sync_bus_register_reg[7]
  Impl DFF        Imp:/WORK/SYS_TOP/UART_RX_DATA_SYNC/sync_bus_register_reg[7]

  Ref  DFF        REF:/WORK/SYS_TOP/UART_RX_DATA_SYNC/synchronizer_reg[0]
  Impl DFF        Imp:/WORK/SYS_TOP/UART_RX_DATA_SYNC/synchronizer_reg[0]

  Ref  DFF        REF:/WORK/SYS_TOP/UART_RX_DATA_SYNC/synchronizer_reg[1]
  Impl DFF        Imp:/WORK/SYS_TOP/UART_RX_DATA_SYNC/synchronizer_reg[1]

  Ref  DFF        REF:/WORK/SYS_TOP/UART_TX_Clock_Divider/edge_count_reg[0]
  Impl DFF        Imp:/WORK/SYS_TOP/UART_TX_Clock_Divider/edge_count_reg[0]

  Ref  DFF        REF:/WORK/SYS_TOP/UART_TX_Clock_Divider/edge_count_reg[1]
  Impl DFF        Imp:/WORK/SYS_TOP/UART_TX_Clock_Divider/edge_count_reg[1]

  Ref  DFF        REF:/WORK/SYS_TOP/UART_TX_Clock_Divider/edge_count_reg[2]
  Impl DFF        Imp:/WORK/SYS_TOP/UART_TX_Clock_Divider/edge_count_reg[2]

  Ref  DFF        REF:/WORK/SYS_TOP/UART_TX_Clock_Divider/edge_count_reg[3]
  Impl DFF        Imp:/WORK/SYS_TOP/UART_TX_Clock_Divider/edge_count_reg[3]

  Ref  DFF        REF:/WORK/SYS_TOP/UART_TX_Clock_Divider/edge_count_reg[4]
  Impl DFF        Imp:/WORK/SYS_TOP/UART_TX_Clock_Divider/edge_count_reg[4]

  Ref  DFF        REF:/WORK/SYS_TOP/UART_TX_Clock_Divider/edge_count_reg[5]
  Impl DFF        Imp:/WORK/SYS_TOP/UART_TX_Clock_Divider/edge_count_reg[5]

  Ref  DFF        REF:/WORK/SYS_TOP/UART_TX_Clock_Divider/edge_count_reg[6]
  Impl DFF        Imp:/WORK/SYS_TOP/UART_TX_Clock_Divider/edge_count_reg[6]

  Ref  DFF        REF:/WORK/SYS_TOP/UART_TX_Clock_Divider/edge_count_reg[7]
  Impl DFF        Imp:/WORK/SYS_TOP/UART_TX_Clock_Divider/edge_count_reg[7]

  Ref  DFF        REF:/WORK/SYS_TOP/UART_TX_Clock_Divider/reg_div_clk_reg
  Impl DFF        Imp:/WORK/SYS_TOP/UART_TX_Clock_Divider/reg_div_clk_reg

  Ref  Port       REF:/WORK/SYS_TOP/PAR_ERROR
  Impl Port       Imp:/WORK/SYS_TOP/PAR_ERROR

  Ref  Port       REF:/WORK/SYS_TOP/STOP_ERROR
  Impl Port       Imp:/WORK/SYS_TOP/STOP_ERROR

  Ref  Port       REF:/WORK/SYS_TOP/TX_OUT
  Impl Port       Imp:/WORK/SYS_TOP/TX_OUT

 [BBNet: multiply-driven net
  BBPin: black-box pin
  Cut:   cut-point
  DFF:   non-constant DFF register
  DFF0:  constant 0 DFF register
  DFF1:  constant 1 DFF register
  DFFX:  constant X DFF register
  DFF0X: constrained 0X DFF register
  DFF1X: constrained 1X DFF register
  LAT:   non-constant latch register
  LAT0:  constant 0 latch register
  LAT1:  constant 1 latch register
  LATX:  constant X latch register
  LAT0X: constrained 0X latch register
  LAT1X: constrained 1X latch register
  LATCG: clock-gating latch register
  TLA:   transparent latch register
  TLA0X: transparent constrained 0X latch register
  TLA1X: transparent constrained 1X latch register
  Loop:  cycle break point
  Port:  primary (top-level) port
  Und:   undriven signal cut-point
  Unk:   unknown signal cut-point]

1
